L506.c:78:6:Sim_PWON	8	static
L506.c:82:6:Sim_PWOFF	8	static
L506.c:86:6:Pow_ON_OFF	8	static
L506.c:93:6:getBuffRx	16	static
L506.c:104:6:GSM_Init	8	static
L506.c:116:9:fnParseOKPacket	16	static
L506.c:123:9:fnParseCPINPacket	16	static
L506.c:130:9:fnParseCSQPacket	16	static
L506.c:137:9:fnParseCGREGPacket	16	static
L506.c:144:9:fnParseCREGPacket	16	static
L506.c:151:9:fnParseCGATTPacket	16	static
L506.c:158:9:fnParseNETOPENPacket	24	static
L506.c:167:9:fnParseIPADDRPacket	24	static
L506.c:176:9:fnCheckCreateTCPPacket	24	static
L506.c:185:9:fnParseCIPOPQUERYPacket	16	static
L506.c:192:9:fnParseSendSVPacket	16	static
L506.c:199:9:fnCheckSendSVPacket	24	static
L506.c:209:9:fnParseReceiveSVPacket	24	static
L506.c:218:9:fnCheckPacket	32	static
L506.c:242:6:fncSend_CommandAT	16	static
L506.c:257:6:Sim_work	8	static
L506.c:303:6:fncReceive_DataServer	264	static
L506.c:336:9:fncSend_DataServer	72	static
L506.c:358:6:Sim_SendToServer	24	static
L506.c:373:6:Packet_Data_SendToServer	16	static
L506.c:382:6:wait_to_reinitial	16	static
L506.c:391:6:wait_to_reinitialTCP	16	static
