10:06:18 **** Clean-only build of configuration Debug for project Sensor ****
make -j8 clean 
rm -rf *
 
10:06:18 **** Build of configuration Debug for project Sensor ****
make -j8 all 
arm-none-eabi-gcc "../Drivers/STM32L4xx_HAL_Driver/Src/stm32l4xx_hal.c" -mcpu=cortex-m4 -std=gnu11 -g3 -DUSE_HAL_DRIVER -DSTM32L452xx -DDEBUG -c -I../Core/Inc -I../Drivers/STM32L4xx_HAL_Driver/Inc -I../Drivers/STM32L4xx_HAL_Driver/Inc/Legacy -I../Drivers/CMSIS/Device/ST/STM32L4xx/Include -I../Drivers/CMSIS/Include -I"D:/SaoViet/git_clone/Sensor_sourcetree/Sensor/Core/NH3_lib" -I"D:/SaoViet/git_clone/Sensor_sourcetree/Sensor/Core/L506" -I"D:/SaoViet/git_clone/Sensor_sourcetree/Sensor/Core/Com_RS485" -O0 -ffunction-sections -fdata-sections -Wall -fstack-usage -MMD -MP -MF"Drivers/STM32L4xx_HAL_Driver/Src/stm32l4xx_hal.d" -MT"Drivers/STM32L4xx_HAL_Driver/Src/stm32l4xx_hal.o" --specs=nano.specs -mfpu=fpv4-sp-d16 -mfloat-abi=hard -mthumb -o "Drivers/STM32L4xx_HAL_Driver/Src/stm32l4xx_hal.o"
arm-none-eabi-gcc "../Drivers/STM32L4xx_HAL_Driver/Src/stm32l4xx_hal_cortex.c" -mcpu=cortex-m4 -std=gnu11 -g3 -DUSE_HAL_DRIVER -DSTM32L452xx -DDEBUG -c -I../Core/Inc -I../Drivers/STM32L4xx_HAL_Driver/Inc -I../Drivers/STM32L4xx_HAL_Driver/Inc/Legacy -I../Drivers/CMSIS/Device/ST/STM32L4xx/Include -I../Drivers/CMSIS/Include -I"D:/SaoViet/git_clone/Sensor_sourcetree/Sensor/Core/NH3_lib" -I"D:/SaoViet/git_clone/Sensor_sourcetree/Sensor/Core/L506" -I"D:/SaoViet/git_clone/Sensor_sourcetree/Sensor/Core/Com_RS485" -O0 -ffunction-sections -fdata-sections -Wall -fstack-usage -MMD -MP -MF"Drivers/STM32L4xx_HAL_Driver/Src/stm32l4xx_hal_cortex.d" -MT"Drivers/STM32L4xx_HAL_Driver/Src/stm32l4xx_hal_cortex.o" --specs=nano.specs -mfpu=fpv4-sp-d16 -mfloat-abi=hard -mthumb -o "Drivers/STM32L4xx_HAL_Driver/Src/stm32l4xx_hal_cortex.o"
arm-none-eabi-gcc "../Drivers/STM32L4xx_HAL_Driver/Src/stm32l4xx_hal_dma.c" -mcpu=cortex-m4 -std=gnu11 -g3 -DUSE_HAL_DRIVER -DSTM32L452xx -DDEBUG -c -I../Core/Inc -I../Drivers/STM32L4xx_HAL_Driver/Inc -I../Drivers/STM32L4xx_HAL_Driver/Inc/Legacy -I../Drivers/CMSIS/Device/ST/STM32L4xx/Include -I../Drivers/CMSIS/Include -I"D:/SaoViet/git_clone/Sensor_sourcetree/Sensor/Core/NH3_lib" -I"D:/SaoViet/git_clone/Sensor_sourcetree/Sensor/Core/L506" -I"D:/SaoViet/git_clone/Sensor_sourcetree/Sensor/Core/Com_RS485" -O0 -ffunction-sections -fdata-sections -Wall -fstack-usage -MMD -MP -MF"Drivers/STM32L4xx_HAL_Driver/Src/stm32l4xx_hal_dma.d" -MT"Drivers/STM32L4xx_HAL_Driver/Src/stm32l4xx_hal_dma.o" --specs=nano.specs -mfpu=fpv4-sp-d16 -mfloat-abi=hard -mthumb -o "Drivers/STM32L4xx_HAL_Driver/Src/stm32l4xx_hal_dma.o"
arm-none-eabi-gcc "../Drivers/STM32L4xx_HAL_Driver/Src/stm32l4xx_hal_dma_ex.c" -mcpu=cortex-m4 -std=gnu11 -g3 -DUSE_HAL_DRIVER -DSTM32L452xx -DDEBUG -c -I../Core/Inc -I../Drivers/STM32L4xx_HAL_Driver/Inc -I../Drivers/STM32L4xx_HAL_Driver/Inc/Legacy -I../Drivers/CMSIS/Device/ST/STM32L4xx/Include -I../Drivers/CMSIS/Include -I"D:/SaoViet/git_clone/Sensor_sourcetree/Sensor/Core/NH3_lib" -I"D:/SaoViet/git_clone/Sensor_sourcetree/Sensor/Core/L506" -I"D:/SaoViet/git_clone/Sensor_sourcetree/Sensor/Core/Com_RS485" -O0 -ffunction-sections -fdata-sections -Wall -fstack-usage -MMD -MP -MF"Drivers/STM32L4xx_HAL_Driver/Src/stm32l4xx_hal_dma_ex.d" -MT"Drivers/STM32L4xx_HAL_Driver/Src/stm32l4xx_hal_dma_ex.o" --specs=nano.specs -mfpu=fpv4-sp-d16 -mfloat-abi=hard -mthumb -o "Drivers/STM32L4xx_HAL_Driver/Src/stm32l4xx_hal_dma_ex.o"
arm-none-eabi-gcc "../Drivers/STM32L4xx_HAL_Driver/Src/stm32l4xx_hal_exti.c" -mcpu=cortex-m4 -std=gnu11 -g3 -DUSE_HAL_DRIVER -DSTM32L452xx -DDEBUG -c -I../Core/Inc -I../Drivers/STM32L4xx_HAL_Driver/Inc -I../Drivers/STM32L4xx_HAL_Driver/Inc/Legacy -I../Drivers/CMSIS/Device/ST/STM32L4xx/Include -I../Drivers/CMSIS/Include -I"D:/SaoViet/git_clone/Sensor_sourcetree/Sensor/Core/NH3_lib" -I"D:/SaoViet/git_clone/Sensor_sourcetree/Sensor/Core/L506" -I"D:/SaoViet/git_clone/Sensor_sourcetree/Sensor/Core/Com_RS485" -O0 -ffunction-sections -fdata-sections -Wall -fstack-usage -MMD -MP -MF"Drivers/STM32L4xx_HAL_Driver/Src/stm32l4xx_hal_exti.d" -MT"Drivers/STM32L4xx_HAL_Driver/Src/stm32l4xx_hal_exti.o" --specs=nano.specs -mfpu=fpv4-sp-d16 -mfloat-abi=hard -mthumb -o "Drivers/STM32L4xx_HAL_Driver/Src/stm32l4xx_hal_exti.o"
arm-none-eabi-gcc "../Drivers/STM32L4xx_HAL_Driver/Src/stm32l4xx_hal_flash.c" -mcpu=cortex-m4 -std=gnu11 -g3 -DUSE_HAL_DRIVER -DSTM32L452xx -DDEBUG -c -I../Core/Inc -I../Drivers/STM32L4xx_HAL_Driver/Inc -I../Drivers/STM32L4xx_HAL_Driver/Inc/Legacy -I../Drivers/CMSIS/Device/ST/STM32L4xx/Include -I../Drivers/CMSIS/Include -I"D:/SaoViet/git_clone/Sensor_sourcetree/Sensor/Core/NH3_lib" -I"D:/SaoViet/git_clone/Sensor_sourcetree/Sensor/Core/L506" -I"D:/SaoViet/git_clone/Sensor_sourcetree/Sensor/Core/Com_RS485" -O0 -ffunction-sections -fdata-sections -Wall -fstack-usage -MMD -MP -MF"Drivers/STM32L4xx_HAL_Driver/Src/stm32l4xx_hal_flash.d" -MT"Drivers/STM32L4xx_HAL_Driver/Src/stm32l4xx_hal_flash.o" --specs=nano.specs -mfpu=fpv4-sp-d16 -mfloat-abi=hard -mthumb -o "Drivers/STM32L4xx_HAL_Driver/Src/stm32l4xx_hal_flash.o"
arm-none-eabi-gcc "../Drivers/STM32L4xx_HAL_Driver/Src/stm32l4xx_hal_flash_ex.c" -mcpu=cortex-m4 -std=gnu11 -g3 -DUSE_HAL_DRIVER -DSTM32L452xx -DDEBUG -c -I../Core/Inc -I../Drivers/STM32L4xx_HAL_Driver/Inc -I../Drivers/STM32L4xx_HAL_Driver/Inc/Legacy -I../Drivers/CMSIS/Device/ST/STM32L4xx/Include -I../Drivers/CMSIS/Include -I"D:/SaoViet/git_clone/Sensor_sourcetree/Sensor/Core/NH3_lib" -I"D:/SaoViet/git_clone/Sensor_sourcetree/Sensor/Core/L506" -I"D:/SaoViet/git_clone/Sensor_sourcetree/Sensor/Core/Com_RS485" -O0 -ffunction-sections -fdata-sections -Wall -fstack-usage -MMD -MP -MF"Drivers/STM32L4xx_HAL_Driver/Src/stm32l4xx_hal_flash_ex.d" -MT"Drivers/STM32L4xx_HAL_Driver/Src/stm32l4xx_hal_flash_ex.o" --specs=nano.specs -mfpu=fpv4-sp-d16 -mfloat-abi=hard -mthumb -o "Drivers/STM32L4xx_HAL_Driver/Src/stm32l4xx_hal_flash_ex.o"
arm-none-eabi-gcc "../Drivers/STM32L4xx_HAL_Driver/Src/stm32l4xx_hal_flash_ramfunc.c" -mcpu=cortex-m4 -std=gnu11 -g3 -DUSE_HAL_DRIVER -DSTM32L452xx -DDEBUG -c -I../Core/Inc -I../Drivers/STM32L4xx_HAL_Driver/Inc -I../Drivers/STM32L4xx_HAL_Driver/Inc/Legacy -I../Drivers/CMSIS/Device/ST/STM32L4xx/Include -I../Drivers/CMSIS/Include -I"D:/SaoViet/git_clone/Sensor_sourcetree/Sensor/Core/NH3_lib" -I"D:/SaoViet/git_clone/Sensor_sourcetree/Sensor/Core/L506" -I"D:/SaoViet/git_clone/Sensor_sourcetree/Sensor/Core/Com_RS485" -O0 -ffunction-sections -fdata-sections -Wall -fstack-usage -MMD -MP -MF"Drivers/STM32L4xx_HAL_Driver/Src/stm32l4xx_hal_flash_ramfunc.d" -MT"Drivers/STM32L4xx_HAL_Driver/Src/stm32l4xx_hal_flash_ramfunc.o" --specs=nano.specs -mfpu=fpv4-sp-d16 -mfloat-abi=hard -mthumb -o "Drivers/STM32L4xx_HAL_Driver/Src/stm32l4xx_hal_flash_ramfunc.o"
arm-none-eabi-gcc "../Drivers/STM32L4xx_HAL_Driver/Src/stm32l4xx_hal_gpio.c" -mcpu=cortex-m4 -std=gnu11 -g3 -DUSE_HAL_DRIVER -DSTM32L452xx -DDEBUG -c -I../Core/Inc -I../Drivers/STM32L4xx_HAL_Driver/Inc -I../Drivers/STM32L4xx_HAL_Driver/Inc/Legacy -I../Drivers/CMSIS/Device/ST/STM32L4xx/Include -I../Drivers/CMSIS/Include -I"D:/SaoViet/git_clone/Sensor_sourcetree/Sensor/Core/NH3_lib" -I"D:/SaoViet/git_clone/Sensor_sourcetree/Sensor/Core/L506" -I"D:/SaoViet/git_clone/Sensor_sourcetree/Sensor/Core/Com_RS485" -O0 -ffunction-sections -fdata-sections -Wall -fstack-usage -MMD -MP -MF"Drivers/STM32L4xx_HAL_Driver/Src/stm32l4xx_hal_gpio.d" -MT"Drivers/STM32L4xx_HAL_Driver/Src/stm32l4xx_hal_gpio.o" --specs=nano.specs -mfpu=fpv4-sp-d16 -mfloat-abi=hard -mthumb -o "Drivers/STM32L4xx_HAL_Driver/Src/stm32l4xx_hal_gpio.o"
arm-none-eabi-gcc "../Drivers/STM32L4xx_HAL_Driver/Src/stm32l4xx_hal_i2c.c" -mcpu=cortex-m4 -std=gnu11 -g3 -DUSE_HAL_DRIVER -DSTM32L452xx -DDEBUG -c -I../Core/Inc -I../Drivers/STM32L4xx_HAL_Driver/Inc -I../Drivers/STM32L4xx_HAL_Driver/Inc/Legacy -I../Drivers/CMSIS/Device/ST/STM32L4xx/Include -I../Drivers/CMSIS/Include -I"D:/SaoViet/git_clone/Sensor_sourcetree/Sensor/Core/NH3_lib" -I"D:/SaoViet/git_clone/Sensor_sourcetree/Sensor/Core/L506" -I"D:/SaoViet/git_clone/Sensor_sourcetree/Sensor/Core/Com_RS485" -O0 -ffunction-sections -fdata-sections -Wall -fstack-usage -MMD -MP -MF"Drivers/STM32L4xx_HAL_Driver/Src/stm32l4xx_hal_i2c.d" -MT"Drivers/STM32L4xx_HAL_Driver/Src/stm32l4xx_hal_i2c.o" --specs=nano.specs -mfpu=fpv4-sp-d16 -mfloat-abi=hard -mthumb -o "Drivers/STM32L4xx_HAL_Driver/Src/stm32l4xx_hal_i2c.o"
arm-none-eabi-gcc "../Drivers/STM32L4xx_HAL_Driver/Src/stm32l4xx_hal_i2c_ex.c" -mcpu=cortex-m4 -std=gnu11 -g3 -DUSE_HAL_DRIVER -DSTM32L452xx -DDEBUG -c -I../Core/Inc -I../Drivers/STM32L4xx_HAL_Driver/Inc -I../Drivers/STM32L4xx_HAL_Driver/Inc/Legacy -I../Drivers/CMSIS/Device/ST/STM32L4xx/Include -I../Drivers/CMSIS/Include -I"D:/SaoViet/git_clone/Sensor_sourcetree/Sensor/Core/NH3_lib" -I"D:/SaoViet/git_clone/Sensor_sourcetree/Sensor/Core/L506" -I"D:/SaoViet/git_clone/Sensor_sourcetree/Sensor/Core/Com_RS485" -O0 -ffunction-sections -fdata-sections -Wall -fstack-usage -MMD -MP -MF"Drivers/STM32L4xx_HAL_Driver/Src/stm32l4xx_hal_i2c_ex.d" -MT"Drivers/STM32L4xx_HAL_Driver/Src/stm32l4xx_hal_i2c_ex.o" --specs=nano.specs -mfpu=fpv4-sp-d16 -mfloat-abi=hard -mthumb -o "Drivers/STM32L4xx_HAL_Driver/Src/stm32l4xx_hal_i2c_ex.o"
arm-none-eabi-gcc "../Drivers/STM32L4xx_HAL_Driver/Src/stm32l4xx_hal_pwr.c" -mcpu=cortex-m4 -std=gnu11 -g3 -DUSE_HAL_DRIVER -DSTM32L452xx -DDEBUG -c -I../Core/Inc -I../Drivers/STM32L4xx_HAL_Driver/Inc -I../Drivers/STM32L4xx_HAL_Driver/Inc/Legacy -I../Drivers/CMSIS/Device/ST/STM32L4xx/Include -I../Drivers/CMSIS/Include -I"D:/SaoViet/git_clone/Sensor_sourcetree/Sensor/Core/NH3_lib" -I"D:/SaoViet/git_clone/Sensor_sourcetree/Sensor/Core/L506" -I"D:/SaoViet/git_clone/Sensor_sourcetree/Sensor/Core/Com_RS485" -O0 -ffunction-sections -fdata-sections -Wall -fstack-usage -MMD -MP -MF"Drivers/STM32L4xx_HAL_Driver/Src/stm32l4xx_hal_pwr.d" -MT"Drivers/STM32L4xx_HAL_Driver/Src/stm32l4xx_hal_pwr.o" --specs=nano.specs -mfpu=fpv4-sp-d16 -mfloat-abi=hard -mthumb -o "Drivers/STM32L4xx_HAL_Driver/Src/stm32l4xx_hal_pwr.o"
arm-none-eabi-gcc "../Drivers/STM32L4xx_HAL_Driver/Src/stm32l4xx_hal_pwr_ex.c" -mcpu=cortex-m4 -std=gnu11 -g3 -DUSE_HAL_DRIVER -DSTM32L452xx -DDEBUG -c -I../Core/Inc -I../Drivers/STM32L4xx_HAL_Driver/Inc -I../Drivers/STM32L4xx_HAL_Driver/Inc/Legacy -I../Drivers/CMSIS/Device/ST/STM32L4xx/Include -I../Drivers/CMSIS/Include -I"D:/SaoViet/git_clone/Sensor_sourcetree/Sensor/Core/NH3_lib" -I"D:/SaoViet/git_clone/Sensor_sourcetree/Sensor/Core/L506" -I"D:/SaoViet/git_clone/Sensor_sourcetree/Sensor/Core/Com_RS485" -O0 -ffunction-sections -fdata-sections -Wall -fstack-usage -MMD -MP -MF"Drivers/STM32L4xx_HAL_Driver/Src/stm32l4xx_hal_pwr_ex.d" -MT"Drivers/STM32L4xx_HAL_Driver/Src/stm32l4xx_hal_pwr_ex.o" --specs=nano.specs -mfpu=fpv4-sp-d16 -mfloat-abi=hard -mthumb -o "Drivers/STM32L4xx_HAL_Driver/Src/stm32l4xx_hal_pwr_ex.o"
arm-none-eabi-gcc "../Drivers/STM32L4xx_HAL_Driver/Src/stm32l4xx_hal_rcc.c" -mcpu=cortex-m4 -std=gnu11 -g3 -DUSE_HAL_DRIVER -DSTM32L452xx -DDEBUG -c -I../Core/Inc -I../Drivers/STM32L4xx_HAL_Driver/Inc -I../Drivers/STM32L4xx_HAL_Driver/Inc/Legacy -I../Drivers/CMSIS/Device/ST/STM32L4xx/Include -I../Drivers/CMSIS/Include -I"D:/SaoViet/git_clone/Sensor_sourcetree/Sensor/Core/NH3_lib" -I"D:/SaoViet/git_clone/Sensor_sourcetree/Sensor/Core/L506" -I"D:/SaoViet/git_clone/Sensor_sourcetree/Sensor/Core/Com_RS485" -O0 -ffunction-sections -fdata-sections -Wall -fstack-usage -MMD -MP -MF"Drivers/STM32L4xx_HAL_Driver/Src/stm32l4xx_hal_rcc.d" -MT"Drivers/STM32L4xx_HAL_Driver/Src/stm32l4xx_hal_rcc.o" --specs=nano.specs -mfpu=fpv4-sp-d16 -mfloat-abi=hard -mthumb -o "Drivers/STM32L4xx_HAL_Driver/Src/stm32l4xx_hal_rcc.o"
arm-none-eabi-gcc "../Drivers/STM32L4xx_HAL_Driver/Src/stm32l4xx_hal_rcc_ex.c" -mcpu=cortex-m4 -std=gnu11 -g3 -DUSE_HAL_DRIVER -DSTM32L452xx -DDEBUG -c -I../Core/Inc -I../Drivers/STM32L4xx_HAL_Driver/Inc -I../Drivers/STM32L4xx_HAL_Driver/Inc/Legacy -I../Drivers/CMSIS/Device/ST/STM32L4xx/Include -I../Drivers/CMSIS/Include -I"D:/SaoViet/git_clone/Sensor_sourcetree/Sensor/Core/NH3_lib" -I"D:/SaoViet/git_clone/Sensor_sourcetree/Sensor/Core/L506" -I"D:/SaoViet/git_clone/Sensor_sourcetree/Sensor/Core/Com_RS485" -O0 -ffunction-sections -fdata-sections -Wall -fstack-usage -MMD -MP -MF"Drivers/STM32L4xx_HAL_Driver/Src/stm32l4xx_hal_rcc_ex.d" -MT"Drivers/STM32L4xx_HAL_Driver/Src/stm32l4xx_hal_rcc_ex.o" --specs=nano.specs -mfpu=fpv4-sp-d16 -mfloat-abi=hard -mthumb -o "Drivers/STM32L4xx_HAL_Driver/Src/stm32l4xx_hal_rcc_ex.o"
arm-none-eabi-gcc "../Drivers/STM32L4xx_HAL_Driver/Src/stm32l4xx_hal_rtc.c" -mcpu=cortex-m4 -std=gnu11 -g3 -DUSE_HAL_DRIVER -DSTM32L452xx -DDEBUG -c -I../Core/Inc -I../Drivers/STM32L4xx_HAL_Driver/Inc -I../Drivers/STM32L4xx_HAL_Driver/Inc/Legacy -I../Drivers/CMSIS/Device/ST/STM32L4xx/Include -I../Drivers/CMSIS/Include -I"D:/SaoViet/git_clone/Sensor_sourcetree/Sensor/Core/NH3_lib" -I"D:/SaoViet/git_clone/Sensor_sourcetree/Sensor/Core/L506" -I"D:/SaoViet/git_clone/Sensor_sourcetree/Sensor/Core/Com_RS485" -O0 -ffunction-sections -fdata-sections -Wall -fstack-usage -MMD -MP -MF"Drivers/STM32L4xx_HAL_Driver/Src/stm32l4xx_hal_rtc.d" -MT"Drivers/STM32L4xx_HAL_Driver/Src/stm32l4xx_hal_rtc.o" --specs=nano.specs -mfpu=fpv4-sp-d16 -mfloat-abi=hard -mthumb -o "Drivers/STM32L4xx_HAL_Driver/Src/stm32l4xx_hal_rtc.o"
arm-none-eabi-gcc "../Drivers/STM32L4xx_HAL_Driver/Src/stm32l4xx_hal_rtc_ex.c" -mcpu=cortex-m4 -std=gnu11 -g3 -DUSE_HAL_DRIVER -DSTM32L452xx -DDEBUG -c -I../Core/Inc -I../Drivers/STM32L4xx_HAL_Driver/Inc -I../Drivers/STM32L4xx_HAL_Driver/Inc/Legacy -I../Drivers/CMSIS/Device/ST/STM32L4xx/Include -I../Drivers/CMSIS/Include -I"D:/SaoViet/git_clone/Sensor_sourcetree/Sensor/Core/NH3_lib" -I"D:/SaoViet/git_clone/Sensor_sourcetree/Sensor/Core/L506" -I"D:/SaoViet/git_clone/Sensor_sourcetree/Sensor/Core/Com_RS485" -O0 -ffunction-sections -fdata-sections -Wall -fstack-usage -MMD -MP -MF"Drivers/STM32L4xx_HAL_Driver/Src/stm32l4xx_hal_rtc_ex.d" -MT"Drivers/STM32L4xx_HAL_Driver/Src/stm32l4xx_hal_rtc_ex.o" --specs=nano.specs -mfpu=fpv4-sp-d16 -mfloat-abi=hard -mthumb -o "Drivers/STM32L4xx_HAL_Driver/Src/stm32l4xx_hal_rtc_ex.o"
arm-none-eabi-gcc "../Drivers/STM32L4xx_HAL_Driver/Src/stm32l4xx_hal_tim.c" -mcpu=cortex-m4 -std=gnu11 -g3 -DUSE_HAL_DRIVER -DSTM32L452xx -DDEBUG -c -I../Core/Inc -I../Drivers/STM32L4xx_HAL_Driver/Inc -I../Drivers/STM32L4xx_HAL_Driver/Inc/Legacy -I../Drivers/CMSIS/Device/ST/STM32L4xx/Include -I../Drivers/CMSIS/Include -I"D:/SaoViet/git_clone/Sensor_sourcetree/Sensor/Core/NH3_lib" -I"D:/SaoViet/git_clone/Sensor_sourcetree/Sensor/Core/L506" -I"D:/SaoViet/git_clone/Sensor_sourcetree/Sensor/Core/Com_RS485" -O0 -ffunction-sections -fdata-sections -Wall -fstack-usage -MMD -MP -MF"Drivers/STM32L4xx_HAL_Driver/Src/stm32l4xx_hal_tim.d" -MT"Drivers/STM32L4xx_HAL_Driver/Src/stm32l4xx_hal_tim.o" --specs=nano.specs -mfpu=fpv4-sp-d16 -mfloat-abi=hard -mthumb -o "Drivers/STM32L4xx_HAL_Driver/Src/stm32l4xx_hal_tim.o"
arm-none-eabi-gcc "../Drivers/STM32L4xx_HAL_Driver/Src/stm32l4xx_hal_tim_ex.c" -mcpu=cortex-m4 -std=gnu11 -g3 -DUSE_HAL_DRIVER -DSTM32L452xx -DDEBUG -c -I../Core/Inc -I../Drivers/STM32L4xx_HAL_Driver/Inc -I../Drivers/STM32L4xx_HAL_Driver/Inc/Legacy -I../Drivers/CMSIS/Device/ST/STM32L4xx/Include -I../Drivers/CMSIS/Include -I"D:/SaoViet/git_clone/Sensor_sourcetree/Sensor/Core/NH3_lib" -I"D:/SaoViet/git_clone/Sensor_sourcetree/Sensor/Core/L506" -I"D:/SaoViet/git_clone/Sensor_sourcetree/Sensor/Core/Com_RS485" -O0 -ffunction-sections -fdata-sections -Wall -fstack-usage -MMD -MP -MF"Drivers/STM32L4xx_HAL_Driver/Src/stm32l4xx_hal_tim_ex.d" -MT"Drivers/STM32L4xx_HAL_Driver/Src/stm32l4xx_hal_tim_ex.o" --specs=nano.specs -mfpu=fpv4-sp-d16 -mfloat-abi=hard -mthumb -o "Drivers/STM32L4xx_HAL_Driver/Src/stm32l4xx_hal_tim_ex.o"
arm-none-eabi-gcc "../Drivers/STM32L4xx_HAL_Driver/Src/stm32l4xx_hal_uart.c" -mcpu=cortex-m4 -std=gnu11 -g3 -DUSE_HAL_DRIVER -DSTM32L452xx -DDEBUG -c -I../Core/Inc -I../Drivers/STM32L4xx_HAL_Driver/Inc -I../Drivers/STM32L4xx_HAL_Driver/Inc/Legacy -I../Drivers/CMSIS/Device/ST/STM32L4xx/Include -I../Drivers/CMSIS/Include -I"D:/SaoViet/git_clone/Sensor_sourcetree/Sensor/Core/NH3_lib" -I"D:/SaoViet/git_clone/Sensor_sourcetree/Sensor/Core/L506" -I"D:/SaoViet/git_clone/Sensor_sourcetree/Sensor/Core/Com_RS485" -O0 -ffunction-sections -fdata-sections -Wall -fstack-usage -MMD -MP -MF"Drivers/STM32L4xx_HAL_Driver/Src/stm32l4xx_hal_uart.d" -MT"Drivers/STM32L4xx_HAL_Driver/Src/stm32l4xx_hal_uart.o" --specs=nano.specs -mfpu=fpv4-sp-d16 -mfloat-abi=hard -mthumb -o "Drivers/STM32L4xx_HAL_Driver/Src/stm32l4xx_hal_uart.o"
arm-none-eabi-gcc "../Drivers/STM32L4xx_HAL_Driver/Src/stm32l4xx_hal_uart_ex.c" -mcpu=cortex-m4 -std=gnu11 -g3 -DUSE_HAL_DRIVER -DSTM32L452xx -DDEBUG -c -I../Core/Inc -I../Drivers/STM32L4xx_HAL_Driver/Inc -I../Drivers/STM32L4xx_HAL_Driver/Inc/Legacy -I../Drivers/CMSIS/Device/ST/STM32L4xx/Include -I../Drivers/CMSIS/Include -I"D:/SaoViet/git_clone/Sensor_sourcetree/Sensor/Core/NH3_lib" -I"D:/SaoViet/git_clone/Sensor_sourcetree/Sensor/Core/L506" -I"D:/SaoViet/git_clone/Sensor_sourcetree/Sensor/Core/Com_RS485" -O0 -ffunction-sections -fdata-sections -Wall -fstack-usage -MMD -MP -MF"Drivers/STM32L4xx_HAL_Driver/Src/stm32l4xx_hal_uart_ex.d" -MT"Drivers/STM32L4xx_HAL_Driver/Src/stm32l4xx_hal_uart_ex.o" --specs=nano.specs -mfpu=fpv4-sp-d16 -mfloat-abi=hard -mthumb -o "Drivers/STM32L4xx_HAL_Driver/Src/stm32l4xx_hal_uart_ex.o"
arm-none-eabi-gcc -mcpu=cortex-m4 -g3 -c -x assembler-with-cpp -MMD -MP -MF"Core/Startup/startup_stm32l452rctx.d" -MT"Core/Startup/startup_stm32l452rctx.o" --specs=nano.specs -mfpu=fpv4-sp-d16 -mfloat-abi=hard -mthumb -o "Core/Startup/startup_stm32l452rctx.o" "../Core/Startup/startup_stm32l452rctx.s"
arm-none-eabi-gcc "../Core/Src/UartRingbuffer.c" -mcpu=cortex-m4 -std=gnu11 -g3 -DUSE_HAL_DRIVER -DSTM32L452xx -DDEBUG -c -I../Core/Inc -I../Drivers/STM32L4xx_HAL_Driver/Inc -I../Drivers/STM32L4xx_HAL_Driver/Inc/Legacy -I../Drivers/CMSIS/Device/ST/STM32L4xx/Include -I../Drivers/CMSIS/Include -I"D:/SaoViet/git_clone/Sensor_sourcetree/Sensor/Core/NH3_lib" -I"D:/SaoViet/git_clone/Sensor_sourcetree/Sensor/Core/L506" -I"D:/SaoViet/git_clone/Sensor_sourcetree/Sensor/Core/Com_RS485" -O0 -ffunction-sections -fdata-sections -Wall -fstack-usage -MMD -MP -MF"Core/Src/UartRingbuffer.d" -MT"Core/Src/UartRingbuffer.o" --specs=nano.specs -mfpu=fpv4-sp-d16 -mfloat-abi=hard -mthumb -o "Core/Src/UartRingbuffer.o"
arm-none-eabi-gcc "../Core/Src/main.c" -mcpu=cortex-m4 -std=gnu11 -g3 -DUSE_HAL_DRIVER -DSTM32L452xx -DDEBUG -c -I../Core/Inc -I../Drivers/STM32L4xx_HAL_Driver/Inc -I../Drivers/STM32L4xx_HAL_Driver/Inc/Legacy -I../Drivers/CMSIS/Device/ST/STM32L4xx/Include -I../Drivers/CMSIS/Include -I"D:/SaoViet/git_clone/Sensor_sourcetree/Sensor/Core/NH3_lib" -I"D:/SaoViet/git_clone/Sensor_sourcetree/Sensor/Core/L506" -I"D:/SaoViet/git_clone/Sensor_sourcetree/Sensor/Core/Com_RS485" -O0 -ffunction-sections -fdata-sections -Wall -fstack-usage -MMD -MP -MF"Core/Src/main.d" -MT"Core/Src/main.o" --specs=nano.specs -mfpu=fpv4-sp-d16 -mfloat-abi=hard -mthumb -o "Core/Src/main.o"
arm-none-eabi-gcc "../Core/Src/my_lib.c" -mcpu=cortex-m4 -std=gnu11 -g3 -DUSE_HAL_DRIVER -DSTM32L452xx -DDEBUG -c -I../Core/Inc -I../Drivers/STM32L4xx_HAL_Driver/Inc -I../Drivers/STM32L4xx_HAL_Driver/Inc/Legacy -I../Drivers/CMSIS/Device/ST/STM32L4xx/Include -I../Drivers/CMSIS/Include -I"D:/SaoViet/git_clone/Sensor_sourcetree/Sensor/Core/NH3_lib" -I"D:/SaoViet/git_clone/Sensor_sourcetree/Sensor/Core/L506" -I"D:/SaoViet/git_clone/Sensor_sourcetree/Sensor/Core/Com_RS485" -O0 -ffunction-sections -fdata-sections -Wall -fstack-usage -MMD -MP -MF"Core/Src/my_lib.d" -MT"Core/Src/my_lib.o" --specs=nano.specs -mfpu=fpv4-sp-d16 -mfloat-abi=hard -mthumb -o "Core/Src/my_lib.o"
../Core/Src/main.c: In function 'main':
../Core/Src/main.c:138:29: warning: pointer targets in passing argument 1 of 'Packet_Data_SendToServer' differ in signedness [-Wpointer-sign]
    Packet_Data_SendToServer(arr, strlen(arr), Time_send_sv);
                             ^~~
In file included from ../Core/Src/main.c:26:0:
D:/SaoViet/git_clone/Sensor_sourcetree/Sensor/Core/L506/L506.h:79:6: note: expected 'uint8_t * {aka unsigned char *}' but argument is of type 'char *'
 void Packet_Data_SendToServer(uint8_t *data, uint8_t len, uint8_t time_send_data);
      ^~~~~~~~~~~~~~~~~~~~~~~~
arm-none-eabi-gcc "../Core/Src/stm32l4xx_hal_msp.c" -mcpu=cortex-m4 -std=gnu11 -g3 -DUSE_HAL_DRIVER -DSTM32L452xx -DDEBUG -c -I../Core/Inc -I../Drivers/STM32L4xx_HAL_Driver/Inc -I../Drivers/STM32L4xx_HAL_Driver/Inc/Legacy -I../Drivers/CMSIS/Device/ST/STM32L4xx/Include -I../Drivers/CMSIS/Include -I"D:/SaoViet/git_clone/Sensor_sourcetree/Sensor/Core/NH3_lib" -I"D:/SaoViet/git_clone/Sensor_sourcetree/Sensor/Core/L506" -I"D:/SaoViet/git_clone/Sensor_sourcetree/Sensor/Core/Com_RS485" -O0 -ffunction-sections -fdata-sections -Wall -fstack-usage -MMD -MP -MF"Core/Src/stm32l4xx_hal_msp.d" -MT"Core/Src/stm32l4xx_hal_msp.o" --specs=nano.specs -mfpu=fpv4-sp-d16 -mfloat-abi=hard -mthumb -o "Core/Src/stm32l4xx_hal_msp.o"
arm-none-eabi-gcc "../Core/Src/stm32l4xx_it.c" -mcpu=cortex-m4 -std=gnu11 -g3 -DUSE_HAL_DRIVER -DSTM32L452xx -DDEBUG -c -I../Core/Inc -I../Drivers/STM32L4xx_HAL_Driver/Inc -I../Drivers/STM32L4xx_HAL_Driver/Inc/Legacy -I../Drivers/CMSIS/Device/ST/STM32L4xx/Include -I../Drivers/CMSIS/Include -I"D:/SaoViet/git_clone/Sensor_sourcetree/Sensor/Core/NH3_lib" -I"D:/SaoViet/git_clone/Sensor_sourcetree/Sensor/Core/L506" -I"D:/SaoViet/git_clone/Sensor_sourcetree/Sensor/Core/Com_RS485" -O0 -ffunction-sections -fdata-sections -Wall -fstack-usage -MMD -MP -MF"Core/Src/stm32l4xx_it.d" -MT"Core/Src/stm32l4xx_it.o" --specs=nano.specs -mfpu=fpv4-sp-d16 -mfloat-abi=hard -mthumb -o "Core/Src/stm32l4xx_it.o"
arm-none-eabi-gcc "../Core/Src/syscalls.c" -mcpu=cortex-m4 -std=gnu11 -g3 -DUSE_HAL_DRIVER -DSTM32L452xx -DDEBUG -c -I../Core/Inc -I../Drivers/STM32L4xx_HAL_Driver/Inc -I../Drivers/STM32L4xx_HAL_Driver/Inc/Legacy -I../Drivers/CMSIS/Device/ST/STM32L4xx/Include -I../Drivers/CMSIS/Include -I"D:/SaoViet/git_clone/Sensor_sourcetree/Sensor/Core/NH3_lib" -I"D:/SaoViet/git_clone/Sensor_sourcetree/Sensor/Core/L506" -I"D:/SaoViet/git_clone/Sensor_sourcetree/Sensor/Core/Com_RS485" -O0 -ffunction-sections -fdata-sections -Wall -fstack-usage -MMD -MP -MF"Core/Src/syscalls.d" -MT"Core/Src/syscalls.o" --specs=nano.specs -mfpu=fpv4-sp-d16 -mfloat-abi=hard -mthumb -o "Core/Src/syscalls.o"
arm-none-eabi-gcc "../Core/Src/sysmem.c" -mcpu=cortex-m4 -std=gnu11 -g3 -DUSE_HAL_DRIVER -DSTM32L452xx -DDEBUG -c -I../Core/Inc -I../Drivers/STM32L4xx_HAL_Driver/Inc -I../Drivers/STM32L4xx_HAL_Driver/Inc/Legacy -I../Drivers/CMSIS/Device/ST/STM32L4xx/Include -I../Drivers/CMSIS/Include -I"D:/SaoViet/git_clone/Sensor_sourcetree/Sensor/Core/NH3_lib" -I"D:/SaoViet/git_clone/Sensor_sourcetree/Sensor/Core/L506" -I"D:/SaoViet/git_clone/Sensor_sourcetree/Sensor/Core/Com_RS485" -O0 -ffunction-sections -fdata-sections -Wall -fstack-usage -MMD -MP -MF"Core/Src/sysmem.d" -MT"Core/Src/sysmem.o" --specs=nano.specs -mfpu=fpv4-sp-d16 -mfloat-abi=hard -mthumb -o "Core/Src/sysmem.o"
arm-none-eabi-gcc "../Core/Src/system_stm32l4xx.c" -mcpu=cortex-m4 -std=gnu11 -g3 -DUSE_HAL_DRIVER -DSTM32L452xx -DDEBUG -c -I../Core/Inc -I../Drivers/STM32L4xx_HAL_Driver/Inc -I../Drivers/STM32L4xx_HAL_Driver/Inc/Legacy -I../Drivers/CMSIS/Device/ST/STM32L4xx/Include -I../Drivers/CMSIS/Include -I"D:/SaoViet/git_clone/Sensor_sourcetree/Sensor/Core/NH3_lib" -I"D:/SaoViet/git_clone/Sensor_sourcetree/Sensor/Core/L506" -I"D:/SaoViet/git_clone/Sensor_sourcetree/Sensor/Core/Com_RS485" -O0 -ffunction-sections -fdata-sections -Wall -fstack-usage -MMD -MP -MF"Core/Src/system_stm32l4xx.d" -MT"Core/Src/system_stm32l4xx.o" --specs=nano.specs -mfpu=fpv4-sp-d16 -mfloat-abi=hard -mthumb -o "Core/Src/system_stm32l4xx.o"
arm-none-eabi-gcc "../Core/Src/time.c" -mcpu=cortex-m4 -std=gnu11 -g3 -DUSE_HAL_DRIVER -DSTM32L452xx -DDEBUG -c -I../Core/Inc -I../Drivers/STM32L4xx_HAL_Driver/Inc -I../Drivers/STM32L4xx_HAL_Driver/Inc/Legacy -I../Drivers/CMSIS/Device/ST/STM32L4xx/Include -I../Drivers/CMSIS/Include -I"D:/SaoViet/git_clone/Sensor_sourcetree/Sensor/Core/NH3_lib" -I"D:/SaoViet/git_clone/Sensor_sourcetree/Sensor/Core/L506" -I"D:/SaoViet/git_clone/Sensor_sourcetree/Sensor/Core/Com_RS485" -O0 -ffunction-sections -fdata-sections -Wall -fstack-usage -MMD -MP -MF"Core/Src/time.d" -MT"Core/Src/time.o" --specs=nano.specs -mfpu=fpv4-sp-d16 -mfloat-abi=hard -mthumb -o "Core/Src/time.o"
arm-none-eabi-gcc "../Core/NH3_lib/NH3.c" -mcpu=cortex-m4 -std=gnu11 -g3 -DUSE_HAL_DRIVER -DSTM32L452xx -DDEBUG -c -I../Core/Inc -I../Drivers/STM32L4xx_HAL_Driver/Inc -I../Drivers/STM32L4xx_HAL_Driver/Inc/Legacy -I../Drivers/CMSIS/Device/ST/STM32L4xx/Include -I../Drivers/CMSIS/Include -I"D:/SaoViet/git_clone/Sensor_sourcetree/Sensor/Core/NH3_lib" -I"D:/SaoViet/git_clone/Sensor_sourcetree/Sensor/Core/L506" -I"D:/SaoViet/git_clone/Sensor_sourcetree/Sensor/Core/Com_RS485" -O0 -ffunction-sections -fdata-sections -Wall -fstack-usage -MMD -MP -MF"Core/NH3_lib/NH3.d" -MT"Core/NH3_lib/NH3.o" --specs=nano.specs -mfpu=fpv4-sp-d16 -mfloat-abi=hard -mthumb -o "Core/NH3_lib/NH3.o"
arm-none-eabi-gcc "../Core/MQTT/MQTTConnectClient.c" -mcpu=cortex-m4 -std=gnu11 -g3 -DUSE_HAL_DRIVER -DSTM32L452xx -DDEBUG -c -I../Core/Inc -I../Drivers/STM32L4xx_HAL_Driver/Inc -I../Drivers/STM32L4xx_HAL_Driver/Inc/Legacy -I../Drivers/CMSIS/Device/ST/STM32L4xx/Include -I../Drivers/CMSIS/Include -I"D:/SaoViet/git_clone/Sensor_sourcetree/Sensor/Core/NH3_lib" -I"D:/SaoViet/git_clone/Sensor_sourcetree/Sensor/Core/L506" -I"D:/SaoViet/git_clone/Sensor_sourcetree/Sensor/Core/Com_RS485" -O0 -ffunction-sections -fdata-sections -Wall -fstack-usage -MMD -MP -MF"Core/MQTT/MQTTConnectClient.d" -MT"Core/MQTT/MQTTConnectClient.o" --specs=nano.specs -mfpu=fpv4-sp-d16 -mfloat-abi=hard -mthumb -o "Core/MQTT/MQTTConnectClient.o"
../Core/Src/stm32l4xx_it.c: In function 'USART3_IRQHandler':
../Core/Src/stm32l4xx_it.c:237:2: warning: implicit declaration of function 'Uart_isr' [-Wimplicit-function-declaration]
  Uart_isr (&huart3);
  ^~~~~~~~
arm-none-eabi-gcc "../Core/MQTT/MQTTConnectServer.c" -mcpu=cortex-m4 -std=gnu11 -g3 -DUSE_HAL_DRIVER -DSTM32L452xx -DDEBUG -c -I../Core/Inc -I../Drivers/STM32L4xx_HAL_Driver/Inc -I../Drivers/STM32L4xx_HAL_Driver/Inc/Legacy -I../Drivers/CMSIS/Device/ST/STM32L4xx/Include -I../Drivers/CMSIS/Include -I"D:/SaoViet/git_clone/Sensor_sourcetree/Sensor/Core/NH3_lib" -I"D:/SaoViet/git_clone/Sensor_sourcetree/Sensor/Core/L506" -I"D:/SaoViet/git_clone/Sensor_sourcetree/Sensor/Core/Com_RS485" -O0 -ffunction-sections -fdata-sections -Wall -fstack-usage -MMD -MP -MF"Core/MQTT/MQTTConnectServer.d" -MT"Core/MQTT/MQTTConnectServer.o" --specs=nano.specs -mfpu=fpv4-sp-d16 -mfloat-abi=hard -mthumb -o "Core/MQTT/MQTTConnectServer.o"
../Core/NH3_lib/NH3.c: In function 'getNH3TemperatureValue':
../Core/NH3_lib/NH3.c:42:1: warning: control reaches end of non-void function [-Wreturn-type]
 }
 ^
../Core/NH3_lib/NH3.c: In function 'getNH3HumidityValue':
../Core/NH3_lib/NH3.c:63:1: warning: control reaches end of non-void function [-Wreturn-type]
 }
 ^
../Core/NH3_lib/NH3.c: In function 'getNH3':
../Core/NH3_lib/NH3.c:83:1: warning: control reaches end of non-void function [-Wreturn-type]
 }
 ^
arm-none-eabi-gcc "../Core/MQTT/MQTTDeserializePublish.c" -mcpu=cortex-m4 -std=gnu11 -g3 -DUSE_HAL_DRIVER -DSTM32L452xx -DDEBUG -c -I../Core/Inc -I../Drivers/STM32L4xx_HAL_Driver/Inc -I../Drivers/STM32L4xx_HAL_Driver/Inc/Legacy -I../Drivers/CMSIS/Device/ST/STM32L4xx/Include -I../Drivers/CMSIS/Include -I"D:/SaoViet/git_clone/Sensor_sourcetree/Sensor/Core/NH3_lib" -I"D:/SaoViet/git_clone/Sensor_sourcetree/Sensor/Core/L506" -I"D:/SaoViet/git_clone/Sensor_sourcetree/Sensor/Core/Com_RS485" -O0 -ffunction-sections -fdata-sections -Wall -fstack-usage -MMD -MP -MF"Core/MQTT/MQTTDeserializePublish.d" -MT"Core/MQTT/MQTTDeserializePublish.o" --specs=nano.specs -mfpu=fpv4-sp-d16 -mfloat-abi=hard -mthumb -o "Core/MQTT/MQTTDeserializePublish.o"
../Core/Src/time.c: In function 'set_alarm_A':
../Core/Src/time.c:133:5: warning: implicit declaration of function 'Error_Handler' [-Wimplicit-function-declaration]
     Error_Handler();
     ^~~~~~~~~~~~~
arm-none-eabi-gcc "../Core/MQTT/MQTTFormat.c" -mcpu=cortex-m4 -std=gnu11 -g3 -DUSE_HAL_DRIVER -DSTM32L452xx -DDEBUG -c -I../Core/Inc -I../Drivers/STM32L4xx_HAL_Driver/Inc -I../Drivers/STM32L4xx_HAL_Driver/Inc/Legacy -I../Drivers/CMSIS/Device/ST/STM32L4xx/Include -I../Drivers/CMSIS/Include -I"D:/SaoViet/git_clone/Sensor_sourcetree/Sensor/Core/NH3_lib" -I"D:/SaoViet/git_clone/Sensor_sourcetree/Sensor/Core/L506" -I"D:/SaoViet/git_clone/Sensor_sourcetree/Sensor/Core/Com_RS485" -O0 -ffunction-sections -fdata-sections -Wall -fstack-usage -MMD -MP -MF"Core/MQTT/MQTTFormat.d" -MT"Core/MQTT/MQTTFormat.o" --specs=nano.specs -mfpu=fpv4-sp-d16 -mfloat-abi=hard -mthumb -o "Core/MQTT/MQTTFormat.o"
arm-none-eabi-gcc "../Core/MQTT/MQTTPacket.c" -mcpu=cortex-m4 -std=gnu11 -g3 -DUSE_HAL_DRIVER -DSTM32L452xx -DDEBUG -c -I../Core/Inc -I../Drivers/STM32L4xx_HAL_Driver/Inc -I../Drivers/STM32L4xx_HAL_Driver/Inc/Legacy -I../Drivers/CMSIS/Device/ST/STM32L4xx/Include -I../Drivers/CMSIS/Include -I"D:/SaoViet/git_clone/Sensor_sourcetree/Sensor/Core/NH3_lib" -I"D:/SaoViet/git_clone/Sensor_sourcetree/Sensor/Core/L506" -I"D:/SaoViet/git_clone/Sensor_sourcetree/Sensor/Core/Com_RS485" -O0 -ffunction-sections -fdata-sections -Wall -fstack-usage -MMD -MP -MF"Core/MQTT/MQTTPacket.d" -MT"Core/MQTT/MQTTPacket.o" --specs=nano.specs -mfpu=fpv4-sp-d16 -mfloat-abi=hard -mthumb -o "Core/MQTT/MQTTPacket.o"
arm-none-eabi-gcc "../Core/MQTT/MQTTSerializePublish.c" -mcpu=cortex-m4 -std=gnu11 -g3 -DUSE_HAL_DRIVER -DSTM32L452xx -DDEBUG -c -I../Core/Inc -I../Drivers/STM32L4xx_HAL_Driver/Inc -I../Drivers/STM32L4xx_HAL_Driver/Inc/Legacy -I../Drivers/CMSIS/Device/ST/STM32L4xx/Include -I../Drivers/CMSIS/Include -I"D:/SaoViet/git_clone/Sensor_sourcetree/Sensor/Core/NH3_lib" -I"D:/SaoViet/git_clone/Sensor_sourcetree/Sensor/Core/L506" -I"D:/SaoViet/git_clone/Sensor_sourcetree/Sensor/Core/Com_RS485" -O0 -ffunction-sections -fdata-sections -Wall -fstack-usage -MMD -MP -MF"Core/MQTT/MQTTSerializePublish.d" -MT"Core/MQTT/MQTTSerializePublish.o" --specs=nano.specs -mfpu=fpv4-sp-d16 -mfloat-abi=hard -mthumb -o "Core/MQTT/MQTTSerializePublish.o"
arm-none-eabi-gcc "../Core/MQTT/MQTTSubscribeClient.c" -mcpu=cortex-m4 -std=gnu11 -g3 -DUSE_HAL_DRIVER -DSTM32L452xx -DDEBUG -c -I../Core/Inc -I../Drivers/STM32L4xx_HAL_Driver/Inc -I../Drivers/STM32L4xx_HAL_Driver/Inc/Legacy -I../Drivers/CMSIS/Device/ST/STM32L4xx/Include -I../Drivers/CMSIS/Include -I"D:/SaoViet/git_clone/Sensor_sourcetree/Sensor/Core/NH3_lib" -I"D:/SaoViet/git_clone/Sensor_sourcetree/Sensor/Core/L506" -I"D:/SaoViet/git_clone/Sensor_sourcetree/Sensor/Core/Com_RS485" -O0 -ffunction-sections -fdata-sections -Wall -fstack-usage -MMD -MP -MF"Core/MQTT/MQTTSubscribeClient.d" -MT"Core/MQTT/MQTTSubscribeClient.o" --specs=nano.specs -mfpu=fpv4-sp-d16 -mfloat-abi=hard -mthumb -o "Core/MQTT/MQTTSubscribeClient.o"
arm-none-eabi-gcc "../Core/MQTT/MQTTSubscribeServer.c" -mcpu=cortex-m4 -std=gnu11 -g3 -DUSE_HAL_DRIVER -DSTM32L452xx -DDEBUG -c -I../Core/Inc -I../Drivers/STM32L4xx_HAL_Driver/Inc -I../Drivers/STM32L4xx_HAL_Driver/Inc/Legacy -I../Drivers/CMSIS/Device/ST/STM32L4xx/Include -I../Drivers/CMSIS/Include -I"D:/SaoViet/git_clone/Sensor_sourcetree/Sensor/Core/NH3_lib" -I"D:/SaoViet/git_clone/Sensor_sourcetree/Sensor/Core/L506" -I"D:/SaoViet/git_clone/Sensor_sourcetree/Sensor/Core/Com_RS485" -O0 -ffunction-sections -fdata-sections -Wall -fstack-usage -MMD -MP -MF"Core/MQTT/MQTTSubscribeServer.d" -MT"Core/MQTT/MQTTSubscribeServer.o" --specs=nano.specs -mfpu=fpv4-sp-d16 -mfloat-abi=hard -mthumb -o "Core/MQTT/MQTTSubscribeServer.o"
arm-none-eabi-gcc "../Core/MQTT/MQTTUnsubscribeClient.c" -mcpu=cortex-m4 -std=gnu11 -g3 -DUSE_HAL_DRIVER -DSTM32L452xx -DDEBUG -c -I../Core/Inc -I../Drivers/STM32L4xx_HAL_Driver/Inc -I../Drivers/STM32L4xx_HAL_Driver/Inc/Legacy -I../Drivers/CMSIS/Device/ST/STM32L4xx/Include -I../Drivers/CMSIS/Include -I"D:/SaoViet/git_clone/Sensor_sourcetree/Sensor/Core/NH3_lib" -I"D:/SaoViet/git_clone/Sensor_sourcetree/Sensor/Core/L506" -I"D:/SaoViet/git_clone/Sensor_sourcetree/Sensor/Core/Com_RS485" -O0 -ffunction-sections -fdata-sections -Wall -fstack-usage -MMD -MP -MF"Core/MQTT/MQTTUnsubscribeClient.d" -MT"Core/MQTT/MQTTUnsubscribeClient.o" --specs=nano.specs -mfpu=fpv4-sp-d16 -mfloat-abi=hard -mthumb -o "Core/MQTT/MQTTUnsubscribeClient.o"
arm-none-eabi-gcc "../Core/MQTT/MQTTUnsubscribeServer.c" -mcpu=cortex-m4 -std=gnu11 -g3 -DUSE_HAL_DRIVER -DSTM32L452xx -DDEBUG -c -I../Core/Inc -I../Drivers/STM32L4xx_HAL_Driver/Inc -I../Drivers/STM32L4xx_HAL_Driver/Inc/Legacy -I../Drivers/CMSIS/Device/ST/STM32L4xx/Include -I../Drivers/CMSIS/Include -I"D:/SaoViet/git_clone/Sensor_sourcetree/Sensor/Core/NH3_lib" -I"D:/SaoViet/git_clone/Sensor_sourcetree/Sensor/Core/L506" -I"D:/SaoViet/git_clone/Sensor_sourcetree/Sensor/Core/Com_RS485" -O0 -ffunction-sections -fdata-sections -Wall -fstack-usage -MMD -MP -MF"Core/MQTT/MQTTUnsubscribeServer.d" -MT"Core/MQTT/MQTTUnsubscribeServer.o" --specs=nano.specs -mfpu=fpv4-sp-d16 -mfloat-abi=hard -mthumb -o "Core/MQTT/MQTTUnsubscribeServer.o"
arm-none-eabi-gcc "../Core/MQTT/mqtt.c" -mcpu=cortex-m4 -std=gnu11 -g3 -DUSE_HAL_DRIVER -DSTM32L452xx -DDEBUG -c -I../Core/Inc -I../Drivers/STM32L4xx_HAL_Driver/Inc -I../Drivers/STM32L4xx_HAL_Driver/Inc/Legacy -I../Drivers/CMSIS/Device/ST/STM32L4xx/Include -I../Drivers/CMSIS/Include -I"D:/SaoViet/git_clone/Sensor_sourcetree/Sensor/Core/NH3_lib" -I"D:/SaoViet/git_clone/Sensor_sourcetree/Sensor/Core/L506" -I"D:/SaoViet/git_clone/Sensor_sourcetree/Sensor/Core/Com_RS485" -O0 -ffunction-sections -fdata-sections -Wall -fstack-usage -MMD -MP -MF"Core/MQTT/mqtt.d" -MT"Core/MQTT/mqtt.o" --specs=nano.specs -mfpu=fpv4-sp-d16 -mfloat-abi=hard -mthumb -o "Core/MQTT/mqtt.o"
arm-none-eabi-gcc "../Core/L506/L506.c" -mcpu=cortex-m4 -std=gnu11 -g3 -DUSE_HAL_DRIVER -DSTM32L452xx -DDEBUG -c -I../Core/Inc -I../Drivers/STM32L4xx_HAL_Driver/Inc -I../Drivers/STM32L4xx_HAL_Driver/Inc/Legacy -I../Drivers/CMSIS/Device/ST/STM32L4xx/Include -I../Drivers/CMSIS/Include -I"D:/SaoViet/git_clone/Sensor_sourcetree/Sensor/Core/NH3_lib" -I"D:/SaoViet/git_clone/Sensor_sourcetree/Sensor/Core/L506" -I"D:/SaoViet/git_clone/Sensor_sourcetree/Sensor/Core/Com_RS485" -O0 -ffunction-sections -fdata-sections -Wall -fstack-usage -MMD -MP -MF"Core/L506/L506.d" -MT"Core/L506/L506.o" --specs=nano.specs -mfpu=fpv4-sp-d16 -mfloat-abi=hard -mthumb -o "Core/L506/L506.o"
arm-none-eabi-gcc "../Core/EC_TDS_lib/EC_TDS.c" -mcpu=cortex-m4 -std=gnu11 -g3 -DUSE_HAL_DRIVER -DSTM32L452xx -DDEBUG -c -I../Core/Inc -I../Drivers/STM32L4xx_HAL_Driver/Inc -I../Drivers/STM32L4xx_HAL_Driver/Inc/Legacy -I../Drivers/CMSIS/Device/ST/STM32L4xx/Include -I../Drivers/CMSIS/Include -I"D:/SaoViet/git_clone/Sensor_sourcetree/Sensor/Core/NH3_lib" -I"D:/SaoViet/git_clone/Sensor_sourcetree/Sensor/Core/L506" -I"D:/SaoViet/git_clone/Sensor_sourcetree/Sensor/Core/Com_RS485" -O0 -ffunction-sections -fdata-sections -Wall -fstack-usage -MMD -MP -MF"Core/EC_TDS_lib/EC_TDS.d" -MT"Core/EC_TDS_lib/EC_TDS.o" --specs=nano.specs -mfpu=fpv4-sp-d16 -mfloat-abi=hard -mthumb -o "Core/EC_TDS_lib/EC_TDS.o"
arm-none-eabi-gcc "../Core/Com_RS485/Com_RS485.c" -mcpu=cortex-m4 -std=gnu11 -g3 -DUSE_HAL_DRIVER -DSTM32L452xx -DDEBUG -c -I../Core/Inc -I../Drivers/STM32L4xx_HAL_Driver/Inc -I../Drivers/STM32L4xx_HAL_Driver/Inc/Legacy -I../Drivers/CMSIS/Device/ST/STM32L4xx/Include -I../Drivers/CMSIS/Include -I"D:/SaoViet/git_clone/Sensor_sourcetree/Sensor/Core/NH3_lib" -I"D:/SaoViet/git_clone/Sensor_sourcetree/Sensor/Core/L506" -I"D:/SaoViet/git_clone/Sensor_sourcetree/Sensor/Core/Com_RS485" -O0 -ffunction-sections -fdata-sections -Wall -fstack-usage -MMD -MP -MF"Core/Com_RS485/Com_RS485.d" -MT"Core/Com_RS485/Com_RS485.o" --specs=nano.specs -mfpu=fpv4-sp-d16 -mfloat-abi=hard -mthumb -o "Core/Com_RS485/Com_RS485.o"
arm-none-eabi-gcc "../Core/Com_RS485/ParseModbus.c" -mcpu=cortex-m4 -std=gnu11 -g3 -DUSE_HAL_DRIVER -DSTM32L452xx -DDEBUG -c -I../Core/Inc -I../Drivers/STM32L4xx_HAL_Driver/Inc -I../Drivers/STM32L4xx_HAL_Driver/Inc/Legacy -I../Drivers/CMSIS/Device/ST/STM32L4xx/Include -I../Drivers/CMSIS/Include -I"D:/SaoViet/git_clone/Sensor_sourcetree/Sensor/Core/NH3_lib" -I"D:/SaoViet/git_clone/Sensor_sourcetree/Sensor/Core/L506" -I"D:/SaoViet/git_clone/Sensor_sourcetree/Sensor/Core/Com_RS485" -O0 -ffunction-sections -fdata-sections -Wall -fstack-usage -MMD -MP -MF"Core/Com_RS485/ParseModbus.d" -MT"Core/Com_RS485/ParseModbus.o" --specs=nano.specs -mfpu=fpv4-sp-d16 -mfloat-abi=hard -mthumb -o "Core/Com_RS485/ParseModbus.o"
arm-none-eabi-gcc "../Core/CO2_lib/CO2.c" -mcpu=cortex-m4 -std=gnu11 -g3 -DUSE_HAL_DRIVER -DSTM32L452xx -DDEBUG -c -I../Core/Inc -I../Drivers/STM32L4xx_HAL_Driver/Inc -I../Drivers/STM32L4xx_HAL_Driver/Inc/Legacy -I../Drivers/CMSIS/Device/ST/STM32L4xx/Include -I../Drivers/CMSIS/Include -I"D:/SaoViet/git_clone/Sensor_sourcetree/Sensor/Core/NH3_lib" -I"D:/SaoViet/git_clone/Sensor_sourcetree/Sensor/Core/L506" -I"D:/SaoViet/git_clone/Sensor_sourcetree/Sensor/Core/Com_RS485" -O0 -ffunction-sections -fdata-sections -Wall -fstack-usage -MMD -MP -MF"Core/CO2_lib/CO2.d" -MT"Core/CO2_lib/CO2.o" --specs=nano.specs -mfpu=fpv4-sp-d16 -mfloat-abi=hard -mthumb -o "Core/CO2_lib/CO2.o"
../Core/L506/L506.c: In function 'fnCheckPacket':
../Core/L506/L506.c:233:21: warning: pointer targets in passing argument 1 of 'fnParse' differ in signedness [-Wpointer-sign]
    answer = fnParse(buffer);
                     ^~~~~~
../Core/L506/L506.c:233:21: note: expected 'char *' but argument is of type 'uint8_t * {aka unsigned char *}'
../Core/L506/L506.c: In function 'fncSend_DataServer':
../Core/L506/L506.c:356:1: warning: control reaches end of non-void function [-Wreturn-type]
 }
 ^
At top level:
../Core/L506/L506.c:61:16: warning: 'cmdReceiveData' defined but not used [-Wunused-variable]
 static uint8_t cmdReceiveData[] = "gui lenh nhan data tu server\r\n";
                ^~~~~~~~~~~~~~
../Core/L506/L506.c:60:16: warning: 'serverText2' defined but not used [-Wunused-variable]
 static uint8_t serverText2[] = "gui khong thanh cong ban tin len server\r\n";
                ^~~~~~~~~~~
../Core/L506/L506.c:59:16: warning: 'serverText1' defined but not used [-Wunused-variable]
 static uint8_t serverText1[] = "gui thanh cong ban tin len server\r\n";
                ^~~~~~~~~~~
../Core/EC_TDS_lib/EC_TDS.c: In function 'getTemperature':
../Core/EC_TDS_lib/EC_TDS.c:26:2: warning: implicit declaration of function 'memset' [-Wimplicit-function-declaration]
  memset(buffer, '\0', 256);
  ^~~~~~
../Core/EC_TDS_lib/EC_TDS.c:26:2: warning: incompatible implicit declaration of built-in function 'memset'
../Core/EC_TDS_lib/EC_TDS.c:26:2: note: include '<string.h>' or provide a declaration of 'memset'
../Core/EC_TDS_lib/EC_TDS.c: In function 'getElectricalCond':
../Core/EC_TDS_lib/EC_TDS.c:47:2: warning: incompatible implicit declaration of built-in function 'memset'
  memset(buffer, '\0', 256);
  ^~~~~~
../Core/EC_TDS_lib/EC_TDS.c:47:2: note: include '<string.h>' or provide a declaration of 'memset'
../Core/EC_TDS_lib/EC_TDS.c: In function 'getSALINITY':
../Core/EC_TDS_lib/EC_TDS.c:63:2: warning: incompatible implicit declaration of built-in function 'memset'
  memset(buffer, '\0', 256);
  ^~~~~~
../Core/EC_TDS_lib/EC_TDS.c:63:2: note: include '<string.h>' or provide a declaration of 'memset'
../Core/EC_TDS_lib/EC_TDS.c: In function 'getTDS':
../Core/EC_TDS_lib/EC_TDS.c:79:2: warning: incompatible implicit declaration of built-in function 'memset'
  memset(buffer, '\0', 256);
  ^~~~~~
../Core/EC_TDS_lib/EC_TDS.c:79:2: note: include '<string.h>' or provide a declaration of 'memset'
../Core/EC_TDS_lib/EC_TDS.c: In function 'getECRAWAD':
../Core/EC_TDS_lib/EC_TDS.c:95:2: warning: incompatible implicit declaration of built-in function 'memset'
  memset(buffer, '\0', 256);
  ^~~~~~
../Core/EC_TDS_lib/EC_TDS.c:95:2: note: include '<string.h>' or provide a declaration of 'memset'
../Core/Com_RS485/ParseModbus.c: In function 'parserModbusRx':
../Core/Com_RS485/ParseModbus.c:40:8: warning: implicit declaration of function 'ModRTU_CRC' [-Wimplicit-function-declaration]
  crc = ModRTU_CRC(rxBuf, lenrx-2);
        ^~~~~~~~~~
../Core/MQTT/mqtt.c: In function 'mqtt_connect':
../Core/MQTT/mqtt.c:15:10: warning: variable 'ret' set but not used [-Wunused-but-set-variable]
  uint8_t ret = 0;
          ^~~
../Core/MQTT/mqtt.c: In function 'mqtt_publish':
../Core/MQTT/mqtt.c:34:102: warning: implicit declaration of function 'strlen' [-Wimplicit-function-declaration]
     int mqtt_len = MQTTSerialize_publish(buf, sizeof(buf), 0, 0, 0, 0, topicString, (uint8_t*) data, strlen(data));
                                                                                                      ^~~~~~
../Core/MQTT/mqtt.c:34:102: warning: incompatible implicit declaration of built-in function 'strlen'
../Core/MQTT/mqtt.c:34:102: note: include '<string.h>' or provide a declaration of 'strlen'
../Core/MQTT/mqtt.c:31:13: warning: variable 'ret' set but not used [-Wunused-but-set-variable]
     uint8_t ret = 0;
             ^~~
../Core/CO2_lib/CO2.c: In function 'getCO2':
../Core/CO2_lib/CO2.c:27:2: warning: implicit declaration of function 'memset' [-Wimplicit-function-declaration]
  memset(buffer, '\0', 256);
  ^~~~~~
../Core/CO2_lib/CO2.c:27:2: warning: incompatible implicit declaration of built-in function 'memset'
../Core/CO2_lib/CO2.c:27:2: note: include '<string.h>' or provide a declaration of 'memset'
arm-none-eabi-gcc -o "Sensor.elf" @"objects.list"   -mcpu=cortex-m4 -T"D:\SaoViet\git_clone\Sensor_sourcetree\Sensor\STM32L452RCTX_FLASH.ld" --specs=nosys.specs -Wl,-Map="Sensor.map" -Wl,--gc-sections -static --specs=nano.specs -mfpu=fpv4-sp-d16 -mfloat-abi=hard -mthumb -u _printf_float -Wl,--start-group -lc -lm -Wl,--end-group
Finished building target: Sensor.elf
 
arm-none-eabi-size   Sensor.elf 
arm-none-eabi-objdump -h -S  Sensor.elf  > "Sensor.list"
arm-none-eabi-objcopy  -O binary  Sensor.elf  "Sensor.bin"
   text	   data	    bss	    dec	    hex	filename
  35480	    704	   3904	  40088	   9c98	Sensor.elf
Finished building: default.size.stdout
 
Finished building: Sensor.bin
 
Finished building: Sensor.list
 
10:09:47 **** Incremental Build of configuration Debug for project Sensor ****
make -j8 all 
arm-none-eabi-gcc "../Core/Src/stm32l4xx_hal_msp.c" -mcpu=cortex-m4 -std=gnu11 -g3 -DUSE_HAL_DRIVER -DSTM32L452xx -DDEBUG -c -I../Core/Inc -I../Drivers/STM32L4xx_HAL_Driver/Inc -I../Drivers/STM32L4xx_HAL_Driver/Inc/Legacy -I../Drivers/CMSIS/Device/ST/STM32L4xx/Include -I../Drivers/CMSIS/Include -I"D:/SaoViet/git_clone/Sensor_sourcetree/Sensor/Core/NH3_lib" -I"D:/SaoViet/git_clone/Sensor_sourcetree/Sensor/Core/L506" -I"D:/SaoViet/git_clone/Sensor_sourcetree/Sensor/Core/Com_RS485" -O0 -ffunction-sections -fdata-sections -Wall -fstack-usage -MMD -MP -MF"Core/Src/stm32l4xx_hal_msp.d" -MT"Core/Src/stm32l4xx_hal_msp.o" --specs=nano.specs -mfpu=fpv4-sp-d16 -mfloat-abi=hard -mthumb -o "Core/Src/stm32l4xx_hal_msp.o"
arm-none-eabi-gcc "../Core/Src/stm32l4xx_it.c" -mcpu=cortex-m4 -std=gnu11 -g3 -DUSE_HAL_DRIVER -DSTM32L452xx -DDEBUG -c -I../Core/Inc -I../Drivers/STM32L4xx_HAL_Driver/Inc -I../Drivers/STM32L4xx_HAL_Driver/Inc/Legacy -I../Drivers/CMSIS/Device/ST/STM32L4xx/Include -I../Drivers/CMSIS/Include -I"D:/SaoViet/git_clone/Sensor_sourcetree/Sensor/Core/NH3_lib" -I"D:/SaoViet/git_clone/Sensor_sourcetree/Sensor/Core/L506" -I"D:/SaoViet/git_clone/Sensor_sourcetree/Sensor/Core/Com_RS485" -O0 -ffunction-sections -fdata-sections -Wall -fstack-usage -MMD -MP -MF"Core/Src/stm32l4xx_it.d" -MT"Core/Src/stm32l4xx_it.o" --specs=nano.specs -mfpu=fpv4-sp-d16 -mfloat-abi=hard -mthumb -o "Core/Src/stm32l4xx_it.o"
arm-none-eabi-gcc "../Core/NH3_lib/NH3.c" -mcpu=cortex-m4 -std=gnu11 -g3 -DUSE_HAL_DRIVER -DSTM32L452xx -DDEBUG -c -I../Core/Inc -I../Drivers/STM32L4xx_HAL_Driver/Inc -I../Drivers/STM32L4xx_HAL_Driver/Inc/Legacy -I../Drivers/CMSIS/Device/ST/STM32L4xx/Include -I../Drivers/CMSIS/Include -I"D:/SaoViet/git_clone/Sensor_sourcetree/Sensor/Core/NH3_lib" -I"D:/SaoViet/git_clone/Sensor_sourcetree/Sensor/Core/L506" -I"D:/SaoViet/git_clone/Sensor_sourcetree/Sensor/Core/Com_RS485" -O0 -ffunction-sections -fdata-sections -Wall -fstack-usage -MMD -MP -MF"Core/NH3_lib/NH3.d" -MT"Core/NH3_lib/NH3.o" --specs=nano.specs -mfpu=fpv4-sp-d16 -mfloat-abi=hard -mthumb -o "Core/NH3_lib/NH3.o"
arm-none-eabi-gcc "../Core/EC_TDS_lib/EC_TDS.c" -mcpu=cortex-m4 -std=gnu11 -g3 -DUSE_HAL_DRIVER -DSTM32L452xx -DDEBUG -c -I../Core/Inc -I../Drivers/STM32L4xx_HAL_Driver/Inc -I../Drivers/STM32L4xx_HAL_Driver/Inc/Legacy -I../Drivers/CMSIS/Device/ST/STM32L4xx/Include -I../Drivers/CMSIS/Include -I"D:/SaoViet/git_clone/Sensor_sourcetree/Sensor/Core/NH3_lib" -I"D:/SaoViet/git_clone/Sensor_sourcetree/Sensor/Core/L506" -I"D:/SaoViet/git_clone/Sensor_sourcetree/Sensor/Core/Com_RS485" -O0 -ffunction-sections -fdata-sections -Wall -fstack-usage -MMD -MP -MF"Core/EC_TDS_lib/EC_TDS.d" -MT"Core/EC_TDS_lib/EC_TDS.o" --specs=nano.specs -mfpu=fpv4-sp-d16 -mfloat-abi=hard -mthumb -o "Core/EC_TDS_lib/EC_TDS.o"
arm-none-eabi-gcc "../Core/Com_RS485/Com_RS485.c" -mcpu=cortex-m4 -std=gnu11 -g3 -DUSE_HAL_DRIVER -DSTM32L452xx -DDEBUG -c -I../Core/Inc -I../Drivers/STM32L4xx_HAL_Driver/Inc -I../Drivers/STM32L4xx_HAL_Driver/Inc/Legacy -I../Drivers/CMSIS/Device/ST/STM32L4xx/Include -I../Drivers/CMSIS/Include -I"D:/SaoViet/git_clone/Sensor_sourcetree/Sensor/Core/NH3_lib" -I"D:/SaoViet/git_clone/Sensor_sourcetree/Sensor/Core/L506" -I"D:/SaoViet/git_clone/Sensor_sourcetree/Sensor/Core/Com_RS485" -O0 -ffunction-sections -fdata-sections -Wall -fstack-usage -MMD -MP -MF"Core/Com_RS485/Com_RS485.d" -MT"Core/Com_RS485/Com_RS485.o" --specs=nano.specs -mfpu=fpv4-sp-d16 -mfloat-abi=hard -mthumb -o "Core/Com_RS485/Com_RS485.o"
arm-none-eabi-gcc "../Core/CO2_lib/CO2.c" -mcpu=cortex-m4 -std=gnu11 -g3 -DUSE_HAL_DRIVER -DSTM32L452xx -DDEBUG -c -I../Core/Inc -I../Drivers/STM32L4xx_HAL_Driver/Inc -I../Drivers/STM32L4xx_HAL_Driver/Inc/Legacy -I../Drivers/CMSIS/Device/ST/STM32L4xx/Include -I../Drivers/CMSIS/Include -I"D:/SaoViet/git_clone/Sensor_sourcetree/Sensor/Core/NH3_lib" -I"D:/SaoViet/git_clone/Sensor_sourcetree/Sensor/Core/L506" -I"D:/SaoViet/git_clone/Sensor_sourcetree/Sensor/Core/Com_RS485" -O0 -ffunction-sections -fdata-sections -Wall -fstack-usage -MMD -MP -MF"Core/CO2_lib/CO2.d" -MT"Core/CO2_lib/CO2.o" --specs=nano.specs -mfpu=fpv4-sp-d16 -mfloat-abi=hard -mthumb -o "Core/CO2_lib/CO2.o"
arm-none-eabi-gcc "../Core/Src/main.c" -mcpu=cortex-m4 -std=gnu11 -g3 -DUSE_HAL_DRIVER -DSTM32L452xx -DDEBUG -c -I../Core/Inc -I../Drivers/STM32L4xx_HAL_Driver/Inc -I../Drivers/STM32L4xx_HAL_Driver/Inc/Legacy -I../Drivers/CMSIS/Device/ST/STM32L4xx/Include -I../Drivers/CMSIS/Include -I"D:/SaoViet/git_clone/Sensor_sourcetree/Sensor/Core/NH3_lib" -I"D:/SaoViet/git_clone/Sensor_sourcetree/Sensor/Core/L506" -I"D:/SaoViet/git_clone/Sensor_sourcetree/Sensor/Core/Com_RS485" -O0 -ffunction-sections -fdata-sections -Wall -fstack-usage -MMD -MP -MF"Core/Src/main.d" -MT"Core/Src/main.o" --specs=nano.specs -mfpu=fpv4-sp-d16 -mfloat-abi=hard -mthumb -o "Core/Src/main.o"
arm-none-eabi-gcc "../Core/SOIL_MTEC_lib/MTEC.c" -mcpu=cortex-m4 -std=gnu11 -g3 -DUSE_HAL_DRIVER -DSTM32L452xx -DDEBUG -c -I../Core/Inc -I../Drivers/STM32L4xx_HAL_Driver/Inc -I../Drivers/STM32L4xx_HAL_Driver/Inc/Legacy -I../Drivers/CMSIS/Device/ST/STM32L4xx/Include -I../Drivers/CMSIS/Include -I"D:/SaoViet/git_clone/Sensor_sourcetree/Sensor/Core/NH3_lib" -I"D:/SaoViet/git_clone/Sensor_sourcetree/Sensor/Core/L506" -I"D:/SaoViet/git_clone/Sensor_sourcetree/Sensor/Core/Com_RS485" -O0 -ffunction-sections -fdata-sections -Wall -fstack-usage -MMD -MP -MF"Core/SOIL_MTEC_lib/MTEC.d" -MT"Core/SOIL_MTEC_lib/MTEC.o" --specs=nano.specs -mfpu=fpv4-sp-d16 -mfloat-abi=hard -mthumb -o "Core/SOIL_MTEC_lib/MTEC.o"
../Core/Src/stm32l4xx_it.c: In function 'USART3_IRQHandler':
../Core/Src/stm32l4xx_it.c:237:2: warning: implicit declaration of function 'Uart_isr' [-Wimplicit-function-declaration]
  Uart_isr (&huart3);
  ^~~~~~~~
../Core/Src/main.c: In function 'main':
../Core/Src/main.c:132:12: warning: implicit declaration of function 'getNH3TemperatureValue' [-Wimplicit-function-declaration]
    value = getNH3TemperatureValue(&temperature);
            ^~~~~~~~~~~~~~~~~~~~~~
../Core/Src/main.c:138:29: warning: pointer targets in passing argument 1 of 'Packet_Data_SendToServer' differ in signedness [-Wpointer-sign]
    Packet_Data_SendToServer(arr, strlen(arr), Time_send_sv);
                             ^~~
In file included from ../Core/Src/main.c:26:0:
D:/SaoViet/git_clone/Sensor_sourcetree/Sensor/Core/L506/L506.h:79:6: note: expected 'uint8_t * {aka unsigned char *}' but argument is of type 'char *'
 void Packet_Data_SendToServer(uint8_t *data, uint8_t len, uint8_t time_send_data);
      ^~~~~~~~~~~~~~~~~~~~~~~~
arm-none-eabi-gcc "../Core/PH_lib/PH1.c" -mcpu=cortex-m4 -std=gnu11 -g3 -DUSE_HAL_DRIVER -DSTM32L452xx -DDEBUG -c -I../Core/Inc -I../Drivers/STM32L4xx_HAL_Driver/Inc -I../Drivers/STM32L4xx_HAL_Driver/Inc/Legacy -I../Drivers/CMSIS/Device/ST/STM32L4xx/Include -I../Drivers/CMSIS/Include -I"D:/SaoViet/git_clone/Sensor_sourcetree/Sensor/Core/NH3_lib" -I"D:/SaoViet/git_clone/Sensor_sourcetree/Sensor/Core/L506" -I"D:/SaoViet/git_clone/Sensor_sourcetree/Sensor/Core/Com_RS485" -O0 -ffunction-sections -fdata-sections -Wall -fstack-usage -MMD -MP -MF"Core/PH_lib/PH1.d" -MT"Core/PH_lib/PH1.o" --specs=nano.specs -mfpu=fpv4-sp-d16 -mfloat-abi=hard -mthumb -o "Core/PH_lib/PH1.o"
arm-none-eabi-gcc "../Core/PAR_lib/PAR.c" -mcpu=cortex-m4 -std=gnu11 -g3 -DUSE_HAL_DRIVER -DSTM32L452xx -DDEBUG -c -I../Core/Inc -I../Drivers/STM32L4xx_HAL_Driver/Inc -I../Drivers/STM32L4xx_HAL_Driver/Inc/Legacy -I../Drivers/CMSIS/Device/ST/STM32L4xx/Include -I../Drivers/CMSIS/Include -I"D:/SaoViet/git_clone/Sensor_sourcetree/Sensor/Core/NH3_lib" -I"D:/SaoViet/git_clone/Sensor_sourcetree/Sensor/Core/L506" -I"D:/SaoViet/git_clone/Sensor_sourcetree/Sensor/Core/Com_RS485" -O0 -ffunction-sections -fdata-sections -Wall -fstack-usage -MMD -MP -MF"Core/PAR_lib/PAR.d" -MT"Core/PAR_lib/PAR.o" --specs=nano.specs -mfpu=fpv4-sp-d16 -mfloat-abi=hard -mthumb -o "Core/PAR_lib/PAR.o"
arm-none-eabi-gcc "../Core/H2S_lib/H2S.c" -mcpu=cortex-m4 -std=gnu11 -g3 -DUSE_HAL_DRIVER -DSTM32L452xx -DDEBUG -c -I../Core/Inc -I../Drivers/STM32L4xx_HAL_Driver/Inc -I../Drivers/STM32L4xx_HAL_Driver/Inc/Legacy -I../Drivers/CMSIS/Device/ST/STM32L4xx/Include -I../Drivers/CMSIS/Include -I"D:/SaoViet/git_clone/Sensor_sourcetree/Sensor/Core/NH3_lib" -I"D:/SaoViet/git_clone/Sensor_sourcetree/Sensor/Core/L506" -I"D:/SaoViet/git_clone/Sensor_sourcetree/Sensor/Core/Com_RS485" -O0 -ffunction-sections -fdata-sections -Wall -fstack-usage -MMD -MP -MF"Core/H2S_lib/H2S.d" -MT"Core/H2S_lib/H2S.o" --specs=nano.specs -mfpu=fpv4-sp-d16 -mfloat-abi=hard -mthumb -o "Core/H2S_lib/H2S.o"
arm-none-eabi-gcc -o "Sensor.elf" @"objects.list"   -mcpu=cortex-m4 -T"D:\SaoViet\git_clone\Sensor_sourcetree\Sensor\STM32L452RCTX_FLASH.ld" --specs=nosys.specs -Wl,-Map="Sensor.map" -Wl,--gc-sections -static --specs=nano.specs -mfpu=fpv4-sp-d16 -mfloat-abi=hard -mthumb -u _printf_float -Wl,--start-group -lc -lm -Wl,--end-group
Finished building target: Sensor.elf
 
arm-none-eabi-objdump -h -S  Sensor.elf  > "Sensor.list"
arm-none-eabi-objcopy  -O binary  Sensor.elf  "Sensor.bin"
arm-none-eabi-size   Sensor.elf 
   text	   data	    bss	    dec	    hex	filename
  35480	    704	   3904	  40088	   9c98	Sensor.elf
Finished building: default.size.stdout
 
Finished building: Sensor.bin
 
Finished building: Sensor.list
 
10:13:57 **** Incremental Build of configuration Debug for project Sensor ****
make -j8 all 
arm-none-eabi-gcc "../Core/Src/main.c" -mcpu=cortex-m4 -std=gnu11 -g3 -DUSE_HAL_DRIVER -DSTM32L452xx -DDEBUG -c -I../Core/Inc -I../Drivers/STM32L4xx_HAL_Driver/Inc -I../Drivers/STM32L4xx_HAL_Driver/Inc/Legacy -I../Drivers/CMSIS/Device/ST/STM32L4xx/Include -I../Drivers/CMSIS/Include -I"D:/SaoViet/git_clone/Sensor_sourcetree/Sensor/Core/NH3_lib" -I"D:/SaoViet/git_clone/Sensor_sourcetree/Sensor/Core/L506" -I"D:/SaoViet/git_clone/Sensor_sourcetree/Sensor/Core/Com_RS485" -O0 -ffunction-sections -fdata-sections -Wall -fstack-usage -MMD -MP -MF"Core/Src/main.d" -MT"Core/Src/main.o" --specs=nano.specs -mfpu=fpv4-sp-d16 -mfloat-abi=hard -mthumb -o "Core/Src/main.o"
arm-none-eabi-gcc "../Core/Src/stm32l4xx_hal_msp.c" -mcpu=cortex-m4 -std=gnu11 -g3 -DUSE_HAL_DRIVER -DSTM32L452xx -DDEBUG -c -I../Core/Inc -I../Drivers/STM32L4xx_HAL_Driver/Inc -I../Drivers/STM32L4xx_HAL_Driver/Inc/Legacy -I../Drivers/CMSIS/Device/ST/STM32L4xx/Include -I../Drivers/CMSIS/Include -I"D:/SaoViet/git_clone/Sensor_sourcetree/Sensor/Core/NH3_lib" -I"D:/SaoViet/git_clone/Sensor_sourcetree/Sensor/Core/L506" -I"D:/SaoViet/git_clone/Sensor_sourcetree/Sensor/Core/Com_RS485" -O0 -ffunction-sections -fdata-sections -Wall -fstack-usage -MMD -MP -MF"Core/Src/stm32l4xx_hal_msp.d" -MT"Core/Src/stm32l4xx_hal_msp.o" --specs=nano.specs -mfpu=fpv4-sp-d16 -mfloat-abi=hard -mthumb -o "Core/Src/stm32l4xx_hal_msp.o"
arm-none-eabi-gcc "../Core/Src/stm32l4xx_it.c" -mcpu=cortex-m4 -std=gnu11 -g3 -DUSE_HAL_DRIVER -DSTM32L452xx -DDEBUG -c -I../Core/Inc -I../Drivers/STM32L4xx_HAL_Driver/Inc -I../Drivers/STM32L4xx_HAL_Driver/Inc/Legacy -I../Drivers/CMSIS/Device/ST/STM32L4xx/Include -I../Drivers/CMSIS/Include -I"D:/SaoViet/git_clone/Sensor_sourcetree/Sensor/Core/NH3_lib" -I"D:/SaoViet/git_clone/Sensor_sourcetree/Sensor/Core/L506" -I"D:/SaoViet/git_clone/Sensor_sourcetree/Sensor/Core/Com_RS485" -O0 -ffunction-sections -fdata-sections -Wall -fstack-usage -MMD -MP -MF"Core/Src/stm32l4xx_it.d" -MT"Core/Src/stm32l4xx_it.o" --specs=nano.specs -mfpu=fpv4-sp-d16 -mfloat-abi=hard -mthumb -o "Core/Src/stm32l4xx_it.o"
arm-none-eabi-gcc "../Core/SOIL_MTEC_lib/MTEC.c" -mcpu=cortex-m4 -std=gnu11 -g3 -DUSE_HAL_DRIVER -DSTM32L452xx -DDEBUG -c -I../Core/Inc -I../Drivers/STM32L4xx_HAL_Driver/Inc -I../Drivers/STM32L4xx_HAL_Driver/Inc/Legacy -I../Drivers/CMSIS/Device/ST/STM32L4xx/Include -I../Drivers/CMSIS/Include -I"D:/SaoViet/git_clone/Sensor_sourcetree/Sensor/Core/NH3_lib" -I"D:/SaoViet/git_clone/Sensor_sourcetree/Sensor/Core/L506" -I"D:/SaoViet/git_clone/Sensor_sourcetree/Sensor/Core/Com_RS485" -O0 -ffunction-sections -fdata-sections -Wall -fstack-usage -MMD -MP -MF"Core/SOIL_MTEC_lib/MTEC.d" -MT"Core/SOIL_MTEC_lib/MTEC.o" --specs=nano.specs -mfpu=fpv4-sp-d16 -mfloat-abi=hard -mthumb -o "Core/SOIL_MTEC_lib/MTEC.o"
arm-none-eabi-gcc "../Core/PAR_lib/PAR.c" -mcpu=cortex-m4 -std=gnu11 -g3 -DUSE_HAL_DRIVER -DSTM32L452xx -DDEBUG -c -I../Core/Inc -I../Drivers/STM32L4xx_HAL_Driver/Inc -I../Drivers/STM32L4xx_HAL_Driver/Inc/Legacy -I../Drivers/CMSIS/Device/ST/STM32L4xx/Include -I../Drivers/CMSIS/Include -I"D:/SaoViet/git_clone/Sensor_sourcetree/Sensor/Core/NH3_lib" -I"D:/SaoViet/git_clone/Sensor_sourcetree/Sensor/Core/L506" -I"D:/SaoViet/git_clone/Sensor_sourcetree/Sensor/Core/Com_RS485" -O0 -ffunction-sections -fdata-sections -Wall -fstack-usage -MMD -MP -MF"Core/PAR_lib/PAR.d" -MT"Core/PAR_lib/PAR.o" --specs=nano.specs -mfpu=fpv4-sp-d16 -mfloat-abi=hard -mthumb -o "Core/PAR_lib/PAR.o"
arm-none-eabi-gcc "../Core/NH3_lib/NH3.c" -mcpu=cortex-m4 -std=gnu11 -g3 -DUSE_HAL_DRIVER -DSTM32L452xx -DDEBUG -c -I../Core/Inc -I../Drivers/STM32L4xx_HAL_Driver/Inc -I../Drivers/STM32L4xx_HAL_Driver/Inc/Legacy -I../Drivers/CMSIS/Device/ST/STM32L4xx/Include -I../Drivers/CMSIS/Include -I"D:/SaoViet/git_clone/Sensor_sourcetree/Sensor/Core/NH3_lib" -I"D:/SaoViet/git_clone/Sensor_sourcetree/Sensor/Core/L506" -I"D:/SaoViet/git_clone/Sensor_sourcetree/Sensor/Core/Com_RS485" -O0 -ffunction-sections -fdata-sections -Wall -fstack-usage -MMD -MP -MF"Core/NH3_lib/NH3.d" -MT"Core/NH3_lib/NH3.o" --specs=nano.specs -mfpu=fpv4-sp-d16 -mfloat-abi=hard -mthumb -o "Core/NH3_lib/NH3.o"
arm-none-eabi-gcc "../Core/H2S_lib/H2S.c" -mcpu=cortex-m4 -std=gnu11 -g3 -DUSE_HAL_DRIVER -DSTM32L452xx -DDEBUG -c -I../Core/Inc -I../Drivers/STM32L4xx_HAL_Driver/Inc -I../Drivers/STM32L4xx_HAL_Driver/Inc/Legacy -I../Drivers/CMSIS/Device/ST/STM32L4xx/Include -I../Drivers/CMSIS/Include -I"D:/SaoViet/git_clone/Sensor_sourcetree/Sensor/Core/NH3_lib" -I"D:/SaoViet/git_clone/Sensor_sourcetree/Sensor/Core/L506" -I"D:/SaoViet/git_clone/Sensor_sourcetree/Sensor/Core/Com_RS485" -O0 -ffunction-sections -fdata-sections -Wall -fstack-usage -MMD -MP -MF"Core/H2S_lib/H2S.d" -MT"Core/H2S_lib/H2S.o" --specs=nano.specs -mfpu=fpv4-sp-d16 -mfloat-abi=hard -mthumb -o "Core/H2S_lib/H2S.o"
arm-none-eabi-gcc "../Core/EC_TDS_lib/EC_TDS.c" -mcpu=cortex-m4 -std=gnu11 -g3 -DUSE_HAL_DRIVER -DSTM32L452xx -DDEBUG -c -I../Core/Inc -I../Drivers/STM32L4xx_HAL_Driver/Inc -I../Drivers/STM32L4xx_HAL_Driver/Inc/Legacy -I../Drivers/CMSIS/Device/ST/STM32L4xx/Include -I../Drivers/CMSIS/Include -I"D:/SaoViet/git_clone/Sensor_sourcetree/Sensor/Core/NH3_lib" -I"D:/SaoViet/git_clone/Sensor_sourcetree/Sensor/Core/L506" -I"D:/SaoViet/git_clone/Sensor_sourcetree/Sensor/Core/Com_RS485" -O0 -ffunction-sections -fdata-sections -Wall -fstack-usage -MMD -MP -MF"Core/EC_TDS_lib/EC_TDS.d" -MT"Core/EC_TDS_lib/EC_TDS.o" --specs=nano.specs -mfpu=fpv4-sp-d16 -mfloat-abi=hard -mthumb -o "Core/EC_TDS_lib/EC_TDS.o"
../Core/Src/stm32l4xx_it.c: In function 'USART3_IRQHandler':
../Core/Src/stm32l4xx_it.c:238:2: warning: implicit declaration of function 'Uart_isr' [-Wimplicit-function-declaration]
  Uart_isr (&huart3);
  ^~~~~~~~
../Core/Src/main.c:28:10: fatal error: CO2.h: No such file or directory
 #include "CO2.h"
          ^~~~~~~
compilation terminated.
make: *** [Core/Src/subdir.mk:47: Core/Src/main.o] Error 1
make: *** Waiting for unfinished jobs....
"make -j8 all" terminated with exit code 2. Build might be incomplete.
10:14:48 **** Incremental Build of configuration Debug for project Sensor ****
make -j8 all 
arm-none-eabi-gcc "../Core/CO2_lib/CO2.c" -mcpu=cortex-m4 -std=gnu11 -g3 -DUSE_HAL_DRIVER -DSTM32L452xx -DDEBUG -c -I../Core/Inc -I../Drivers/STM32L4xx_HAL_Driver/Inc -I../Drivers/STM32L4xx_HAL_Driver/Inc/Legacy -I../Drivers/CMSIS/Device/ST/STM32L4xx/Include -I../Drivers/CMSIS/Include -I"D:/SaoViet/git_clone/Sensor_sourcetree/Sensor/Core/NH3_lib" -I"D:/SaoViet/git_clone/Sensor_sourcetree/Sensor/Core/L506" -I"D:/SaoViet/git_clone/Sensor_sourcetree/Sensor/Core/Com_RS485" -O0 -ffunction-sections -fdata-sections -Wall -fstack-usage -MMD -MP -MF"Core/CO2_lib/CO2.d" -MT"Core/CO2_lib/CO2.o" --specs=nano.specs -mfpu=fpv4-sp-d16 -mfloat-abi=hard -mthumb -o "Core/CO2_lib/CO2.o"
arm-none-eabi-gcc "../Core/Src/main.c" -mcpu=cortex-m4 -std=gnu11 -g3 -DUSE_HAL_DRIVER -DSTM32L452xx -DDEBUG -c -I../Core/Inc -I../Drivers/STM32L4xx_HAL_Driver/Inc -I../Drivers/STM32L4xx_HAL_Driver/Inc/Legacy -I../Drivers/CMSIS/Device/ST/STM32L4xx/Include -I../Drivers/CMSIS/Include -I"D:/SaoViet/git_clone/Sensor_sourcetree/Sensor/Core/NH3_lib" -I"D:/SaoViet/git_clone/Sensor_sourcetree/Sensor/Core/L506" -I"D:/SaoViet/git_clone/Sensor_sourcetree/Sensor/Core/Com_RS485" -O0 -ffunction-sections -fdata-sections -Wall -fstack-usage -MMD -MP -MF"Core/Src/main.d" -MT"Core/Src/main.o" --specs=nano.specs -mfpu=fpv4-sp-d16 -mfloat-abi=hard -mthumb -o "Core/Src/main.o"
arm-none-eabi-gcc "../Core/Src/test_libSensor.c" -mcpu=cortex-m4 -std=gnu11 -g3 -DUSE_HAL_DRIVER -DSTM32L452xx -DDEBUG -c -I../Core/Inc -I../Drivers/STM32L4xx_HAL_Driver/Inc -I../Drivers/STM32L4xx_HAL_Driver/Inc/Legacy -I../Drivers/CMSIS/Device/ST/STM32L4xx/Include -I../Drivers/CMSIS/Include -I"D:/SaoViet/git_clone/Sensor_sourcetree/Sensor/Core/NH3_lib" -I"D:/SaoViet/git_clone/Sensor_sourcetree/Sensor/Core/L506" -I"D:/SaoViet/git_clone/Sensor_sourcetree/Sensor/Core/Com_RS485" -O0 -ffunction-sections -fdata-sections -Wall -fstack-usage -MMD -MP -MF"Core/Src/test_libSensor.d" -MT"Core/Src/test_libSensor.o" --specs=nano.specs -mfpu=fpv4-sp-d16 -mfloat-abi=hard -mthumb -o "Core/Src/test_libSensor.o"
arm-none-eabi-gcc "../Core/PH_lib/PH.c" -mcpu=cortex-m4 -std=gnu11 -g3 -DUSE_HAL_DRIVER -DSTM32L452xx -DDEBUG -c -I../Core/Inc -I../Drivers/STM32L4xx_HAL_Driver/Inc -I../Drivers/STM32L4xx_HAL_Driver/Inc/Legacy -I../Drivers/CMSIS/Device/ST/STM32L4xx/Include -I../Drivers/CMSIS/Include -I"D:/SaoViet/git_clone/Sensor_sourcetree/Sensor/Core/NH3_lib" -I"D:/SaoViet/git_clone/Sensor_sourcetree/Sensor/Core/L506" -I"D:/SaoViet/git_clone/Sensor_sourcetree/Sensor/Core/Com_RS485" -O0 -ffunction-sections -fdata-sections -Wall -fstack-usage -MMD -MP -MF"Core/PH_lib/PH.d" -MT"Core/PH_lib/PH.o" --specs=nano.specs -mfpu=fpv4-sp-d16 -mfloat-abi=hard -mthumb -o "Core/PH_lib/PH.o"
arm-none-eabi-gcc "../Core/Com_RS485/Com_RS485.c" -mcpu=cortex-m4 -std=gnu11 -g3 -DUSE_HAL_DRIVER -DSTM32L452xx -DDEBUG -c -I../Core/Inc -I../Drivers/STM32L4xx_HAL_Driver/Inc -I../Drivers/STM32L4xx_HAL_Driver/Inc/Legacy -I../Drivers/CMSIS/Device/ST/STM32L4xx/Include -I../Drivers/CMSIS/Include -I"D:/SaoViet/git_clone/Sensor_sourcetree/Sensor/Core/NH3_lib" -I"D:/SaoViet/git_clone/Sensor_sourcetree/Sensor/Core/L506" -I"D:/SaoViet/git_clone/Sensor_sourcetree/Sensor/Core/Com_RS485" -O0 -ffunction-sections -fdata-sections -Wall -fstack-usage -MMD -MP -MF"Core/Com_RS485/Com_RS485.d" -MT"Core/Com_RS485/Com_RS485.o" --specs=nano.specs -mfpu=fpv4-sp-d16 -mfloat-abi=hard -mthumb -o "Core/Com_RS485/Com_RS485.o"
../Core/Src/test_libSensor.c:10:10: fatal error: CO2.h: No such file or directory
 #include "CO2.h"
          ^~~~~~~
compilation terminated.
make: *** [Core/Src/subdir.mk:61: Core/Src/test_libSensor.o] Error 1
make: *** Waiting for unfinished jobs....
../Core/Src/main.c:28:10: fatal error: CO2.h: No such file or directory
 #include "CO2.h"
          ^~~~~~~
compilation terminated.
make: *** [Core/Src/subdir.mk:47: Core/Src/main.o] Error 1
"make -j8 all" terminated with exit code 2. Build might be incomplete.
10:15:49 **** Incremental Build of configuration Debug for project Sensor ****
make -j8 all 
arm-none-eabi-gcc "../Drivers/STM32L4xx_HAL_Driver/Src/stm32l4xx_hal.c" -mcpu=cortex-m4 -std=gnu11 -g3 -DUSE_HAL_DRIVER -DSTM32L452xx -DDEBUG -c -I../Core/Inc -I../Drivers/STM32L4xx_HAL_Driver/Inc -I../Drivers/STM32L4xx_HAL_Driver/Inc/Legacy -I../Drivers/CMSIS/Device/ST/STM32L4xx/Include -I../Drivers/CMSIS/Include -I"D:/SaoViet/git_clone/Sensor_sourcetree/Sensor/Core/NH3_lib" -I"D:/SaoViet/git_clone/Sensor_sourcetree/Sensor/Core/L506" -I"D:/SaoViet/git_clone/Sensor_sourcetree/Sensor/Core/Com_RS485" -I"D:/SaoViet/git_clone/Sensor_sourcetree/Sensor/Core/CO2_lib" -O0 -ffunction-sections -fdata-sections -Wall -fstack-usage -MMD -MP -MF"Drivers/STM32L4xx_HAL_Driver/Src/stm32l4xx_hal.d" -MT"Drivers/STM32L4xx_HAL_Driver/Src/stm32l4xx_hal.o" --specs=nano.specs -mfpu=fpv4-sp-d16 -mfloat-abi=hard -mthumb -o "Drivers/STM32L4xx_HAL_Driver/Src/stm32l4xx_hal.o"
arm-none-eabi-gcc "../Drivers/STM32L4xx_HAL_Driver/Src/stm32l4xx_hal_cortex.c" -mcpu=cortex-m4 -std=gnu11 -g3 -DUSE_HAL_DRIVER -DSTM32L452xx -DDEBUG -c -I../Core/Inc -I../Drivers/STM32L4xx_HAL_Driver/Inc -I../Drivers/STM32L4xx_HAL_Driver/Inc/Legacy -I../Drivers/CMSIS/Device/ST/STM32L4xx/Include -I../Drivers/CMSIS/Include -I"D:/SaoViet/git_clone/Sensor_sourcetree/Sensor/Core/NH3_lib" -I"D:/SaoViet/git_clone/Sensor_sourcetree/Sensor/Core/L506" -I"D:/SaoViet/git_clone/Sensor_sourcetree/Sensor/Core/Com_RS485" -I"D:/SaoViet/git_clone/Sensor_sourcetree/Sensor/Core/CO2_lib" -O0 -ffunction-sections -fdata-sections -Wall -fstack-usage -MMD -MP -MF"Drivers/STM32L4xx_HAL_Driver/Src/stm32l4xx_hal_cortex.d" -MT"Drivers/STM32L4xx_HAL_Driver/Src/stm32l4xx_hal_cortex.o" --specs=nano.specs -mfpu=fpv4-sp-d16 -mfloat-abi=hard -mthumb -o "Drivers/STM32L4xx_HAL_Driver/Src/stm32l4xx_hal_cortex.o"
arm-none-eabi-gcc "../Drivers/STM32L4xx_HAL_Driver/Src/stm32l4xx_hal_dma.c" -mcpu=cortex-m4 -std=gnu11 -g3 -DUSE_HAL_DRIVER -DSTM32L452xx -DDEBUG -c -I../Core/Inc -I../Drivers/STM32L4xx_HAL_Driver/Inc -I../Drivers/STM32L4xx_HAL_Driver/Inc/Legacy -I../Drivers/CMSIS/Device/ST/STM32L4xx/Include -I../Drivers/CMSIS/Include -I"D:/SaoViet/git_clone/Sensor_sourcetree/Sensor/Core/NH3_lib" -I"D:/SaoViet/git_clone/Sensor_sourcetree/Sensor/Core/L506" -I"D:/SaoViet/git_clone/Sensor_sourcetree/Sensor/Core/Com_RS485" -I"D:/SaoViet/git_clone/Sensor_sourcetree/Sensor/Core/CO2_lib" -O0 -ffunction-sections -fdata-sections -Wall -fstack-usage -MMD -MP -MF"Drivers/STM32L4xx_HAL_Driver/Src/stm32l4xx_hal_dma.d" -MT"Drivers/STM32L4xx_HAL_Driver/Src/stm32l4xx_hal_dma.o" --specs=nano.specs -mfpu=fpv4-sp-d16 -mfloat-abi=hard -mthumb -o "Drivers/STM32L4xx_HAL_Driver/Src/stm32l4xx_hal_dma.o"
arm-none-eabi-gcc "../Drivers/STM32L4xx_HAL_Driver/Src/stm32l4xx_hal_dma_ex.c" -mcpu=cortex-m4 -std=gnu11 -g3 -DUSE_HAL_DRIVER -DSTM32L452xx -DDEBUG -c -I../Core/Inc -I../Drivers/STM32L4xx_HAL_Driver/Inc -I../Drivers/STM32L4xx_HAL_Driver/Inc/Legacy -I../Drivers/CMSIS/Device/ST/STM32L4xx/Include -I../Drivers/CMSIS/Include -I"D:/SaoViet/git_clone/Sensor_sourcetree/Sensor/Core/NH3_lib" -I"D:/SaoViet/git_clone/Sensor_sourcetree/Sensor/Core/L506" -I"D:/SaoViet/git_clone/Sensor_sourcetree/Sensor/Core/Com_RS485" -I"D:/SaoViet/git_clone/Sensor_sourcetree/Sensor/Core/CO2_lib" -O0 -ffunction-sections -fdata-sections -Wall -fstack-usage -MMD -MP -MF"Drivers/STM32L4xx_HAL_Driver/Src/stm32l4xx_hal_dma_ex.d" -MT"Drivers/STM32L4xx_HAL_Driver/Src/stm32l4xx_hal_dma_ex.o" --specs=nano.specs -mfpu=fpv4-sp-d16 -mfloat-abi=hard -mthumb -o "Drivers/STM32L4xx_HAL_Driver/Src/stm32l4xx_hal_dma_ex.o"
arm-none-eabi-gcc "../Drivers/STM32L4xx_HAL_Driver/Src/stm32l4xx_hal_exti.c" -mcpu=cortex-m4 -std=gnu11 -g3 -DUSE_HAL_DRIVER -DSTM32L452xx -DDEBUG -c -I../Core/Inc -I../Drivers/STM32L4xx_HAL_Driver/Inc -I../Drivers/STM32L4xx_HAL_Driver/Inc/Legacy -I../Drivers/CMSIS/Device/ST/STM32L4xx/Include -I../Drivers/CMSIS/Include -I"D:/SaoViet/git_clone/Sensor_sourcetree/Sensor/Core/NH3_lib" -I"D:/SaoViet/git_clone/Sensor_sourcetree/Sensor/Core/L506" -I"D:/SaoViet/git_clone/Sensor_sourcetree/Sensor/Core/Com_RS485" -I"D:/SaoViet/git_clone/Sensor_sourcetree/Sensor/Core/CO2_lib" -O0 -ffunction-sections -fdata-sections -Wall -fstack-usage -MMD -MP -MF"Drivers/STM32L4xx_HAL_Driver/Src/stm32l4xx_hal_exti.d" -MT"Drivers/STM32L4xx_HAL_Driver/Src/stm32l4xx_hal_exti.o" --specs=nano.specs -mfpu=fpv4-sp-d16 -mfloat-abi=hard -mthumb -o "Drivers/STM32L4xx_HAL_Driver/Src/stm32l4xx_hal_exti.o"
arm-none-eabi-gcc "../Drivers/STM32L4xx_HAL_Driver/Src/stm32l4xx_hal_flash.c" -mcpu=cortex-m4 -std=gnu11 -g3 -DUSE_HAL_DRIVER -DSTM32L452xx -DDEBUG -c -I../Core/Inc -I../Drivers/STM32L4xx_HAL_Driver/Inc -I../Drivers/STM32L4xx_HAL_Driver/Inc/Legacy -I../Drivers/CMSIS/Device/ST/STM32L4xx/Include -I../Drivers/CMSIS/Include -I"D:/SaoViet/git_clone/Sensor_sourcetree/Sensor/Core/NH3_lib" -I"D:/SaoViet/git_clone/Sensor_sourcetree/Sensor/Core/L506" -I"D:/SaoViet/git_clone/Sensor_sourcetree/Sensor/Core/Com_RS485" -I"D:/SaoViet/git_clone/Sensor_sourcetree/Sensor/Core/CO2_lib" -O0 -ffunction-sections -fdata-sections -Wall -fstack-usage -MMD -MP -MF"Drivers/STM32L4xx_HAL_Driver/Src/stm32l4xx_hal_flash.d" -MT"Drivers/STM32L4xx_HAL_Driver/Src/stm32l4xx_hal_flash.o" --specs=nano.specs -mfpu=fpv4-sp-d16 -mfloat-abi=hard -mthumb -o "Drivers/STM32L4xx_HAL_Driver/Src/stm32l4xx_hal_flash.o"
arm-none-eabi-gcc "../Drivers/STM32L4xx_HAL_Driver/Src/stm32l4xx_hal_flash_ex.c" -mcpu=cortex-m4 -std=gnu11 -g3 -DUSE_HAL_DRIVER -DSTM32L452xx -DDEBUG -c -I../Core/Inc -I../Drivers/STM32L4xx_HAL_Driver/Inc -I../Drivers/STM32L4xx_HAL_Driver/Inc/Legacy -I../Drivers/CMSIS/Device/ST/STM32L4xx/Include -I../Drivers/CMSIS/Include -I"D:/SaoViet/git_clone/Sensor_sourcetree/Sensor/Core/NH3_lib" -I"D:/SaoViet/git_clone/Sensor_sourcetree/Sensor/Core/L506" -I"D:/SaoViet/git_clone/Sensor_sourcetree/Sensor/Core/Com_RS485" -I"D:/SaoViet/git_clone/Sensor_sourcetree/Sensor/Core/CO2_lib" -O0 -ffunction-sections -fdata-sections -Wall -fstack-usage -MMD -MP -MF"Drivers/STM32L4xx_HAL_Driver/Src/stm32l4xx_hal_flash_ex.d" -MT"Drivers/STM32L4xx_HAL_Driver/Src/stm32l4xx_hal_flash_ex.o" --specs=nano.specs -mfpu=fpv4-sp-d16 -mfloat-abi=hard -mthumb -o "Drivers/STM32L4xx_HAL_Driver/Src/stm32l4xx_hal_flash_ex.o"
arm-none-eabi-gcc "../Drivers/STM32L4xx_HAL_Driver/Src/stm32l4xx_hal_flash_ramfunc.c" -mcpu=cortex-m4 -std=gnu11 -g3 -DUSE_HAL_DRIVER -DSTM32L452xx -DDEBUG -c -I../Core/Inc -I../Drivers/STM32L4xx_HAL_Driver/Inc -I../Drivers/STM32L4xx_HAL_Driver/Inc/Legacy -I../Drivers/CMSIS/Device/ST/STM32L4xx/Include -I../Drivers/CMSIS/Include -I"D:/SaoViet/git_clone/Sensor_sourcetree/Sensor/Core/NH3_lib" -I"D:/SaoViet/git_clone/Sensor_sourcetree/Sensor/Core/L506" -I"D:/SaoViet/git_clone/Sensor_sourcetree/Sensor/Core/Com_RS485" -I"D:/SaoViet/git_clone/Sensor_sourcetree/Sensor/Core/CO2_lib" -O0 -ffunction-sections -fdata-sections -Wall -fstack-usage -MMD -MP -MF"Drivers/STM32L4xx_HAL_Driver/Src/stm32l4xx_hal_flash_ramfunc.d" -MT"Drivers/STM32L4xx_HAL_Driver/Src/stm32l4xx_hal_flash_ramfunc.o" --specs=nano.specs -mfpu=fpv4-sp-d16 -mfloat-abi=hard -mthumb -o "Drivers/STM32L4xx_HAL_Driver/Src/stm32l4xx_hal_flash_ramfunc.o"
arm-none-eabi-gcc "../Drivers/STM32L4xx_HAL_Driver/Src/stm32l4xx_hal_gpio.c" -mcpu=cortex-m4 -std=gnu11 -g3 -DUSE_HAL_DRIVER -DSTM32L452xx -DDEBUG -c -I../Core/Inc -I../Drivers/STM32L4xx_HAL_Driver/Inc -I../Drivers/STM32L4xx_HAL_Driver/Inc/Legacy -I../Drivers/CMSIS/Device/ST/STM32L4xx/Include -I../Drivers/CMSIS/Include -I"D:/SaoViet/git_clone/Sensor_sourcetree/Sensor/Core/NH3_lib" -I"D:/SaoViet/git_clone/Sensor_sourcetree/Sensor/Core/L506" -I"D:/SaoViet/git_clone/Sensor_sourcetree/Sensor/Core/Com_RS485" -I"D:/SaoViet/git_clone/Sensor_sourcetree/Sensor/Core/CO2_lib" -O0 -ffunction-sections -fdata-sections -Wall -fstack-usage -MMD -MP -MF"Drivers/STM32L4xx_HAL_Driver/Src/stm32l4xx_hal_gpio.d" -MT"Drivers/STM32L4xx_HAL_Driver/Src/stm32l4xx_hal_gpio.o" --specs=nano.specs -mfpu=fpv4-sp-d16 -mfloat-abi=hard -mthumb -o "Drivers/STM32L4xx_HAL_Driver/Src/stm32l4xx_hal_gpio.o"
arm-none-eabi-gcc "../Drivers/STM32L4xx_HAL_Driver/Src/stm32l4xx_hal_i2c.c" -mcpu=cortex-m4 -std=gnu11 -g3 -DUSE_HAL_DRIVER -DSTM32L452xx -DDEBUG -c -I../Core/Inc -I../Drivers/STM32L4xx_HAL_Driver/Inc -I../Drivers/STM32L4xx_HAL_Driver/Inc/Legacy -I../Drivers/CMSIS/Device/ST/STM32L4xx/Include -I../Drivers/CMSIS/Include -I"D:/SaoViet/git_clone/Sensor_sourcetree/Sensor/Core/NH3_lib" -I"D:/SaoViet/git_clone/Sensor_sourcetree/Sensor/Core/L506" -I"D:/SaoViet/git_clone/Sensor_sourcetree/Sensor/Core/Com_RS485" -I"D:/SaoViet/git_clone/Sensor_sourcetree/Sensor/Core/CO2_lib" -O0 -ffunction-sections -fdata-sections -Wall -fstack-usage -MMD -MP -MF"Drivers/STM32L4xx_HAL_Driver/Src/stm32l4xx_hal_i2c.d" -MT"Drivers/STM32L4xx_HAL_Driver/Src/stm32l4xx_hal_i2c.o" --specs=nano.specs -mfpu=fpv4-sp-d16 -mfloat-abi=hard -mthumb -o "Drivers/STM32L4xx_HAL_Driver/Src/stm32l4xx_hal_i2c.o"
arm-none-eabi-gcc "../Drivers/STM32L4xx_HAL_Driver/Src/stm32l4xx_hal_i2c_ex.c" -mcpu=cortex-m4 -std=gnu11 -g3 -DUSE_HAL_DRIVER -DSTM32L452xx -DDEBUG -c -I../Core/Inc -I../Drivers/STM32L4xx_HAL_Driver/Inc -I../Drivers/STM32L4xx_HAL_Driver/Inc/Legacy -I../Drivers/CMSIS/Device/ST/STM32L4xx/Include -I../Drivers/CMSIS/Include -I"D:/SaoViet/git_clone/Sensor_sourcetree/Sensor/Core/NH3_lib" -I"D:/SaoViet/git_clone/Sensor_sourcetree/Sensor/Core/L506" -I"D:/SaoViet/git_clone/Sensor_sourcetree/Sensor/Core/Com_RS485" -I"D:/SaoViet/git_clone/Sensor_sourcetree/Sensor/Core/CO2_lib" -O0 -ffunction-sections -fdata-sections -Wall -fstack-usage -MMD -MP -MF"Drivers/STM32L4xx_HAL_Driver/Src/stm32l4xx_hal_i2c_ex.d" -MT"Drivers/STM32L4xx_HAL_Driver/Src/stm32l4xx_hal_i2c_ex.o" --specs=nano.specs -mfpu=fpv4-sp-d16 -mfloat-abi=hard -mthumb -o "Drivers/STM32L4xx_HAL_Driver/Src/stm32l4xx_hal_i2c_ex.o"
arm-none-eabi-gcc "../Drivers/STM32L4xx_HAL_Driver/Src/stm32l4xx_hal_pwr.c" -mcpu=cortex-m4 -std=gnu11 -g3 -DUSE_HAL_DRIVER -DSTM32L452xx -DDEBUG -c -I../Core/Inc -I../Drivers/STM32L4xx_HAL_Driver/Inc -I../Drivers/STM32L4xx_HAL_Driver/Inc/Legacy -I../Drivers/CMSIS/Device/ST/STM32L4xx/Include -I../Drivers/CMSIS/Include -I"D:/SaoViet/git_clone/Sensor_sourcetree/Sensor/Core/NH3_lib" -I"D:/SaoViet/git_clone/Sensor_sourcetree/Sensor/Core/L506" -I"D:/SaoViet/git_clone/Sensor_sourcetree/Sensor/Core/Com_RS485" -I"D:/SaoViet/git_clone/Sensor_sourcetree/Sensor/Core/CO2_lib" -O0 -ffunction-sections -fdata-sections -Wall -fstack-usage -MMD -MP -MF"Drivers/STM32L4xx_HAL_Driver/Src/stm32l4xx_hal_pwr.d" -MT"Drivers/STM32L4xx_HAL_Driver/Src/stm32l4xx_hal_pwr.o" --specs=nano.specs -mfpu=fpv4-sp-d16 -mfloat-abi=hard -mthumb -o "Drivers/STM32L4xx_HAL_Driver/Src/stm32l4xx_hal_pwr.o"
arm-none-eabi-gcc "../Drivers/STM32L4xx_HAL_Driver/Src/stm32l4xx_hal_pwr_ex.c" -mcpu=cortex-m4 -std=gnu11 -g3 -DUSE_HAL_DRIVER -DSTM32L452xx -DDEBUG -c -I../Core/Inc -I../Drivers/STM32L4xx_HAL_Driver/Inc -I../Drivers/STM32L4xx_HAL_Driver/Inc/Legacy -I../Drivers/CMSIS/Device/ST/STM32L4xx/Include -I../Drivers/CMSIS/Include -I"D:/SaoViet/git_clone/Sensor_sourcetree/Sensor/Core/NH3_lib" -I"D:/SaoViet/git_clone/Sensor_sourcetree/Sensor/Core/L506" -I"D:/SaoViet/git_clone/Sensor_sourcetree/Sensor/Core/Com_RS485" -I"D:/SaoViet/git_clone/Sensor_sourcetree/Sensor/Core/CO2_lib" -O0 -ffunction-sections -fdata-sections -Wall -fstack-usage -MMD -MP -MF"Drivers/STM32L4xx_HAL_Driver/Src/stm32l4xx_hal_pwr_ex.d" -MT"Drivers/STM32L4xx_HAL_Driver/Src/stm32l4xx_hal_pwr_ex.o" --specs=nano.specs -mfpu=fpv4-sp-d16 -mfloat-abi=hard -mthumb -o "Drivers/STM32L4xx_HAL_Driver/Src/stm32l4xx_hal_pwr_ex.o"
arm-none-eabi-gcc "../Drivers/STM32L4xx_HAL_Driver/Src/stm32l4xx_hal_rcc.c" -mcpu=cortex-m4 -std=gnu11 -g3 -DUSE_HAL_DRIVER -DSTM32L452xx -DDEBUG -c -I../Core/Inc -I../Drivers/STM32L4xx_HAL_Driver/Inc -I../Drivers/STM32L4xx_HAL_Driver/Inc/Legacy -I../Drivers/CMSIS/Device/ST/STM32L4xx/Include -I../Drivers/CMSIS/Include -I"D:/SaoViet/git_clone/Sensor_sourcetree/Sensor/Core/NH3_lib" -I"D:/SaoViet/git_clone/Sensor_sourcetree/Sensor/Core/L506" -I"D:/SaoViet/git_clone/Sensor_sourcetree/Sensor/Core/Com_RS485" -I"D:/SaoViet/git_clone/Sensor_sourcetree/Sensor/Core/CO2_lib" -O0 -ffunction-sections -fdata-sections -Wall -fstack-usage -MMD -MP -MF"Drivers/STM32L4xx_HAL_Driver/Src/stm32l4xx_hal_rcc.d" -MT"Drivers/STM32L4xx_HAL_Driver/Src/stm32l4xx_hal_rcc.o" --specs=nano.specs -mfpu=fpv4-sp-d16 -mfloat-abi=hard -mthumb -o "Drivers/STM32L4xx_HAL_Driver/Src/stm32l4xx_hal_rcc.o"
arm-none-eabi-gcc "../Drivers/STM32L4xx_HAL_Driver/Src/stm32l4xx_hal_rcc_ex.c" -mcpu=cortex-m4 -std=gnu11 -g3 -DUSE_HAL_DRIVER -DSTM32L452xx -DDEBUG -c -I../Core/Inc -I../Drivers/STM32L4xx_HAL_Driver/Inc -I../Drivers/STM32L4xx_HAL_Driver/Inc/Legacy -I../Drivers/CMSIS/Device/ST/STM32L4xx/Include -I../Drivers/CMSIS/Include -I"D:/SaoViet/git_clone/Sensor_sourcetree/Sensor/Core/NH3_lib" -I"D:/SaoViet/git_clone/Sensor_sourcetree/Sensor/Core/L506" -I"D:/SaoViet/git_clone/Sensor_sourcetree/Sensor/Core/Com_RS485" -I"D:/SaoViet/git_clone/Sensor_sourcetree/Sensor/Core/CO2_lib" -O0 -ffunction-sections -fdata-sections -Wall -fstack-usage -MMD -MP -MF"Drivers/STM32L4xx_HAL_Driver/Src/stm32l4xx_hal_rcc_ex.d" -MT"Drivers/STM32L4xx_HAL_Driver/Src/stm32l4xx_hal_rcc_ex.o" --specs=nano.specs -mfpu=fpv4-sp-d16 -mfloat-abi=hard -mthumb -o "Drivers/STM32L4xx_HAL_Driver/Src/stm32l4xx_hal_rcc_ex.o"
arm-none-eabi-gcc "../Drivers/STM32L4xx_HAL_Driver/Src/stm32l4xx_hal_rtc.c" -mcpu=cortex-m4 -std=gnu11 -g3 -DUSE_HAL_DRIVER -DSTM32L452xx -DDEBUG -c -I../Core/Inc -I../Drivers/STM32L4xx_HAL_Driver/Inc -I../Drivers/STM32L4xx_HAL_Driver/Inc/Legacy -I../Drivers/CMSIS/Device/ST/STM32L4xx/Include -I../Drivers/CMSIS/Include -I"D:/SaoViet/git_clone/Sensor_sourcetree/Sensor/Core/NH3_lib" -I"D:/SaoViet/git_clone/Sensor_sourcetree/Sensor/Core/L506" -I"D:/SaoViet/git_clone/Sensor_sourcetree/Sensor/Core/Com_RS485" -I"D:/SaoViet/git_clone/Sensor_sourcetree/Sensor/Core/CO2_lib" -O0 -ffunction-sections -fdata-sections -Wall -fstack-usage -MMD -MP -MF"Drivers/STM32L4xx_HAL_Driver/Src/stm32l4xx_hal_rtc.d" -MT"Drivers/STM32L4xx_HAL_Driver/Src/stm32l4xx_hal_rtc.o" --specs=nano.specs -mfpu=fpv4-sp-d16 -mfloat-abi=hard -mthumb -o "Drivers/STM32L4xx_HAL_Driver/Src/stm32l4xx_hal_rtc.o"
arm-none-eabi-gcc "../Drivers/STM32L4xx_HAL_Driver/Src/stm32l4xx_hal_rtc_ex.c" -mcpu=cortex-m4 -std=gnu11 -g3 -DUSE_HAL_DRIVER -DSTM32L452xx -DDEBUG -c -I../Core/Inc -I../Drivers/STM32L4xx_HAL_Driver/Inc -I../Drivers/STM32L4xx_HAL_Driver/Inc/Legacy -I../Drivers/CMSIS/Device/ST/STM32L4xx/Include -I../Drivers/CMSIS/Include -I"D:/SaoViet/git_clone/Sensor_sourcetree/Sensor/Core/NH3_lib" -I"D:/SaoViet/git_clone/Sensor_sourcetree/Sensor/Core/L506" -I"D:/SaoViet/git_clone/Sensor_sourcetree/Sensor/Core/Com_RS485" -I"D:/SaoViet/git_clone/Sensor_sourcetree/Sensor/Core/CO2_lib" -O0 -ffunction-sections -fdata-sections -Wall -fstack-usage -MMD -MP -MF"Drivers/STM32L4xx_HAL_Driver/Src/stm32l4xx_hal_rtc_ex.d" -MT"Drivers/STM32L4xx_HAL_Driver/Src/stm32l4xx_hal_rtc_ex.o" --specs=nano.specs -mfpu=fpv4-sp-d16 -mfloat-abi=hard -mthumb -o "Drivers/STM32L4xx_HAL_Driver/Src/stm32l4xx_hal_rtc_ex.o"
arm-none-eabi-gcc "../Drivers/STM32L4xx_HAL_Driver/Src/stm32l4xx_hal_tim.c" -mcpu=cortex-m4 -std=gnu11 -g3 -DUSE_HAL_DRIVER -DSTM32L452xx -DDEBUG -c -I../Core/Inc -I../Drivers/STM32L4xx_HAL_Driver/Inc -I../Drivers/STM32L4xx_HAL_Driver/Inc/Legacy -I../Drivers/CMSIS/Device/ST/STM32L4xx/Include -I../Drivers/CMSIS/Include -I"D:/SaoViet/git_clone/Sensor_sourcetree/Sensor/Core/NH3_lib" -I"D:/SaoViet/git_clone/Sensor_sourcetree/Sensor/Core/L506" -I"D:/SaoViet/git_clone/Sensor_sourcetree/Sensor/Core/Com_RS485" -I"D:/SaoViet/git_clone/Sensor_sourcetree/Sensor/Core/CO2_lib" -O0 -ffunction-sections -fdata-sections -Wall -fstack-usage -MMD -MP -MF"Drivers/STM32L4xx_HAL_Driver/Src/stm32l4xx_hal_tim.d" -MT"Drivers/STM32L4xx_HAL_Driver/Src/stm32l4xx_hal_tim.o" --specs=nano.specs -mfpu=fpv4-sp-d16 -mfloat-abi=hard -mthumb -o "Drivers/STM32L4xx_HAL_Driver/Src/stm32l4xx_hal_tim.o"
arm-none-eabi-gcc "../Drivers/STM32L4xx_HAL_Driver/Src/stm32l4xx_hal_tim_ex.c" -mcpu=cortex-m4 -std=gnu11 -g3 -DUSE_HAL_DRIVER -DSTM32L452xx -DDEBUG -c -I../Core/Inc -I../Drivers/STM32L4xx_HAL_Driver/Inc -I../Drivers/STM32L4xx_HAL_Driver/Inc/Legacy -I../Drivers/CMSIS/Device/ST/STM32L4xx/Include -I../Drivers/CMSIS/Include -I"D:/SaoViet/git_clone/Sensor_sourcetree/Sensor/Core/NH3_lib" -I"D:/SaoViet/git_clone/Sensor_sourcetree/Sensor/Core/L506" -I"D:/SaoViet/git_clone/Sensor_sourcetree/Sensor/Core/Com_RS485" -I"D:/SaoViet/git_clone/Sensor_sourcetree/Sensor/Core/CO2_lib" -O0 -ffunction-sections -fdata-sections -Wall -fstack-usage -MMD -MP -MF"Drivers/STM32L4xx_HAL_Driver/Src/stm32l4xx_hal_tim_ex.d" -MT"Drivers/STM32L4xx_HAL_Driver/Src/stm32l4xx_hal_tim_ex.o" --specs=nano.specs -mfpu=fpv4-sp-d16 -mfloat-abi=hard -mthumb -o "Drivers/STM32L4xx_HAL_Driver/Src/stm32l4xx_hal_tim_ex.o"
arm-none-eabi-gcc "../Drivers/STM32L4xx_HAL_Driver/Src/stm32l4xx_hal_uart.c" -mcpu=cortex-m4 -std=gnu11 -g3 -DUSE_HAL_DRIVER -DSTM32L452xx -DDEBUG -c -I../Core/Inc -I../Drivers/STM32L4xx_HAL_Driver/Inc -I../Drivers/STM32L4xx_HAL_Driver/Inc/Legacy -I../Drivers/CMSIS/Device/ST/STM32L4xx/Include -I../Drivers/CMSIS/Include -I"D:/SaoViet/git_clone/Sensor_sourcetree/Sensor/Core/NH3_lib" -I"D:/SaoViet/git_clone/Sensor_sourcetree/Sensor/Core/L506" -I"D:/SaoViet/git_clone/Sensor_sourcetree/Sensor/Core/Com_RS485" -I"D:/SaoViet/git_clone/Sensor_sourcetree/Sensor/Core/CO2_lib" -O0 -ffunction-sections -fdata-sections -Wall -fstack-usage -MMD -MP -MF"Drivers/STM32L4xx_HAL_Driver/Src/stm32l4xx_hal_uart.d" -MT"Drivers/STM32L4xx_HAL_Driver/Src/stm32l4xx_hal_uart.o" --specs=nano.specs -mfpu=fpv4-sp-d16 -mfloat-abi=hard -mthumb -o "Drivers/STM32L4xx_HAL_Driver/Src/stm32l4xx_hal_uart.o"
[...]
arm-none-eabi-gcc "../Core/MQTT/MQTTDeserializePublish.c" -mcpu=cortex-m4 -std=gnu11 -g3 -DUSE_HAL_DRIVER -DSTM32L452xx -DDEBUG -c -I../Core/Inc -I../Drivers/STM32L4xx_HAL_Driver/Inc -I../Drivers/STM32L4xx_HAL_Driver/Inc/Legacy -I../Drivers/CMSIS/Device/ST/STM32L4xx/Include -I../Drivers/CMSIS/Include -I"D:/SaoViet/git_clone/Sensor_sourcetree/Sensor/Core/NH3_lib" -I"D:/SaoViet/git_clone/Sensor_sourcetree/Sensor/Core/L506" -I"D:/SaoViet/git_clone/Sensor_sourcetree/Sensor/Core/Com_RS485" -I"D:/SaoViet/git_clone/Sensor_sourcetree/Sensor/Core/CO2_lib" -I"D:/SaoViet/git_clone/Sensor_sourcetree/Sensor/Core/EC_TDS_lib" -I"D:/SaoViet/git_clone/Sensor_sourcetree/Sensor/Core/H2S_lib" -I"D:/SaoViet/git_clone/Sensor_sourcetree/Sensor/Core/PAR_lib" -I"D:/SaoViet/git_clone/Sensor_sourcetree/Sensor/Core/PH_lib" -I"D:/SaoViet/git_clone/Sensor_sourcetree/Sensor/Core/SOIL_MTEC_lib" -O0 -ffunction-sections -fdata-sections -Wall -fstack-usage -MMD -MP -MF"Core/MQTT/MQTTDeserializePublish.d" -MT"Core/MQTT/MQTTDeserializePublish.o" --specs=nano.specs -mfpu=fpv4-sp-d16 -mfloat-abi=hard -mthumb -o "Core/MQTT/MQTTDeserializePublish.o"
arm-none-eabi-gcc "../Core/MQTT/MQTTFormat.c" -mcpu=cortex-m4 -std=gnu11 -g3 -DUSE_HAL_DRIVER -DSTM32L452xx -DDEBUG -c -I../Core/Inc -I../Drivers/STM32L4xx_HAL_Driver/Inc -I../Drivers/STM32L4xx_HAL_Driver/Inc/Legacy -I../Drivers/CMSIS/Device/ST/STM32L4xx/Include -I../Drivers/CMSIS/Include -I"D:/SaoViet/git_clone/Sensor_sourcetree/Sensor/Core/NH3_lib" -I"D:/SaoViet/git_clone/Sensor_sourcetree/Sensor/Core/L506" -I"D:/SaoViet/git_clone/Sensor_sourcetree/Sensor/Core/Com_RS485" -I"D:/SaoViet/git_clone/Sensor_sourcetree/Sensor/Core/CO2_lib" -I"D:/SaoViet/git_clone/Sensor_sourcetree/Sensor/Core/EC_TDS_lib" -I"D:/SaoViet/git_clone/Sensor_sourcetree/Sensor/Core/H2S_lib" -I"D:/SaoViet/git_clone/Sensor_sourcetree/Sensor/Core/PAR_lib" -I"D:/SaoViet/git_clone/Sensor_sourcetree/Sensor/Core/PH_lib" -I"D:/SaoViet/git_clone/Sensor_sourcetree/Sensor/Core/SOIL_MTEC_lib" -O0 -ffunction-sections -fdata-sections -Wall -fstack-usage -MMD -MP -MF"Core/MQTT/MQTTFormat.d" -MT"Core/MQTT/MQTTFormat.o" --specs=nano.specs -mfpu=fpv4-sp-d16 -mfloat-abi=hard -mthumb -o "Core/MQTT/MQTTFormat.o"
arm-none-eabi-gcc "../Core/MQTT/MQTTPacket.c" -mcpu=cortex-m4 -std=gnu11 -g3 -DUSE_HAL_DRIVER -DSTM32L452xx -DDEBUG -c -I../Core/Inc -I../Drivers/STM32L4xx_HAL_Driver/Inc -I../Drivers/STM32L4xx_HAL_Driver/Inc/Legacy -I../Drivers/CMSIS/Device/ST/STM32L4xx/Include -I../Drivers/CMSIS/Include -I"D:/SaoViet/git_clone/Sensor_sourcetree/Sensor/Core/NH3_lib" -I"D:/SaoViet/git_clone/Sensor_sourcetree/Sensor/Core/L506" -I"D:/SaoViet/git_clone/Sensor_sourcetree/Sensor/Core/Com_RS485" -I"D:/SaoViet/git_clone/Sensor_sourcetree/Sensor/Core/CO2_lib" -I"D:/SaoViet/git_clone/Sensor_sourcetree/Sensor/Core/EC_TDS_lib" -I"D:/SaoViet/git_clone/Sensor_sourcetree/Sensor/Core/H2S_lib" -I"D:/SaoViet/git_clone/Sensor_sourcetree/Sensor/Core/PAR_lib" -I"D:/SaoViet/git_clone/Sensor_sourcetree/Sensor/Core/PH_lib" -I"D:/SaoViet/git_clone/Sensor_sourcetree/Sensor/Core/SOIL_MTEC_lib" -O0 -ffunction-sections -fdata-sections -Wall -fstack-usage -MMD -MP -MF"Core/MQTT/MQTTPacket.d" -MT"Core/MQTT/MQTTPacket.o" --specs=nano.specs -mfpu=fpv4-sp-d16 -mfloat-abi=hard -mthumb -o "Core/MQTT/MQTTPacket.o"
arm-none-eabi-gcc "../Core/MQTT/MQTTSerializePublish.c" -mcpu=cortex-m4 -std=gnu11 -g3 -DUSE_HAL_DRIVER -DSTM32L452xx -DDEBUG -c -I../Core/Inc -I../Drivers/STM32L4xx_HAL_Driver/Inc -I../Drivers/STM32L4xx_HAL_Driver/Inc/Legacy -I../Drivers/CMSIS/Device/ST/STM32L4xx/Include -I../Drivers/CMSIS/Include -I"D:/SaoViet/git_clone/Sensor_sourcetree/Sensor/Core/NH3_lib" -I"D:/SaoViet/git_clone/Sensor_sourcetree/Sensor/Core/L506" -I"D:/SaoViet/git_clone/Sensor_sourcetree/Sensor/Core/Com_RS485" -I"D:/SaoViet/git_clone/Sensor_sourcetree/Sensor/Core/CO2_lib" -I"D:/SaoViet/git_clone/Sensor_sourcetree/Sensor/Core/EC_TDS_lib" -I"D:/SaoViet/git_clone/Sensor_sourcetree/Sensor/Core/H2S_lib" -I"D:/SaoViet/git_clone/Sensor_sourcetree/Sensor/Core/PAR_lib" -I"D:/SaoViet/git_clone/Sensor_sourcetree/Sensor/Core/PH_lib" -I"D:/SaoViet/git_clone/Sensor_sourcetree/Sensor/Core/SOIL_MTEC_lib" -O0 -ffunction-sections -fdata-sections -Wall -fstack-usage -MMD -MP -MF"Core/MQTT/MQTTSerializePublish.d" -MT"Core/MQTT/MQTTSerializePublish.o" --specs=nano.specs -mfpu=fpv4-sp-d16 -mfloat-abi=hard -mthumb -o "Core/MQTT/MQTTSerializePublish.o"
arm-none-eabi-gcc "../Core/MQTT/MQTTSubscribeClient.c" -mcpu=cortex-m4 -std=gnu11 -g3 -DUSE_HAL_DRIVER -DSTM32L452xx -DDEBUG -c -I../Core/Inc -I../Drivers/STM32L4xx_HAL_Driver/Inc -I../Drivers/STM32L4xx_HAL_Driver/Inc/Legacy -I../Drivers/CMSIS/Device/ST/STM32L4xx/Include -I../Drivers/CMSIS/Include -I"D:/SaoViet/git_clone/Sensor_sourcetree/Sensor/Core/NH3_lib" -I"D:/SaoViet/git_clone/Sensor_sourcetree/Sensor/Core/L506" -I"D:/SaoViet/git_clone/Sensor_sourcetree/Sensor/Core/Com_RS485" -I"D:/SaoViet/git_clone/Sensor_sourcetree/Sensor/Core/CO2_lib" -I"D:/SaoViet/git_clone/Sensor_sourcetree/Sensor/Core/EC_TDS_lib" -I"D:/SaoViet/git_clone/Sensor_sourcetree/Sensor/Core/H2S_lib" -I"D:/SaoViet/git_clone/Sensor_sourcetree/Sensor/Core/PAR_lib" -I"D:/SaoViet/git_clone/Sensor_sourcetree/Sensor/Core/PH_lib" -I"D:/SaoViet/git_clone/Sensor_sourcetree/Sensor/Core/SOIL_MTEC_lib" -O0 -ffunction-sections -fdata-sections -Wall -fstack-usage -MMD -MP -MF"Core/MQTT/MQTTSubscribeClient.d" -MT"Core/MQTT/MQTTSubscribeClient.o" --specs=nano.specs -mfpu=fpv4-sp-d16 -mfloat-abi=hard -mthumb -o "Core/MQTT/MQTTSubscribeClient.o"
arm-none-eabi-gcc "../Core/MQTT/MQTTSubscribeServer.c" -mcpu=cortex-m4 -std=gnu11 -g3 -DUSE_HAL_DRIVER -DSTM32L452xx -DDEBUG -c -I../Core/Inc -I../Drivers/STM32L4xx_HAL_Driver/Inc -I../Drivers/STM32L4xx_HAL_Driver/Inc/Legacy -I../Drivers/CMSIS/Device/ST/STM32L4xx/Include -I../Drivers/CMSIS/Include -I"D:/SaoViet/git_clone/Sensor_sourcetree/Sensor/Core/NH3_lib" -I"D:/SaoViet/git_clone/Sensor_sourcetree/Sensor/Core/L506" -I"D:/SaoViet/git_clone/Sensor_sourcetree/Sensor/Core/Com_RS485" -I"D:/SaoViet/git_clone/Sensor_sourcetree/Sensor/Core/CO2_lib" -I"D:/SaoViet/git_clone/Sensor_sourcetree/Sensor/Core/EC_TDS_lib" -I"D:/SaoViet/git_clone/Sensor_sourcetree/Sensor/Core/H2S_lib" -I"D:/SaoViet/git_clone/Sensor_sourcetree/Sensor/Core/PAR_lib" -I"D:/SaoViet/git_clone/Sensor_sourcetree/Sensor/Core/PH_lib" -I"D:/SaoViet/git_clone/Sensor_sourcetree/Sensor/Core/SOIL_MTEC_lib" -O0 -ffunction-sections -fdata-sections -Wall -fstack-usage -MMD -MP -MF"Core/MQTT/MQTTSubscribeServer.d" -MT"Core/MQTT/MQTTSubscribeServer.o" --specs=nano.specs -mfpu=fpv4-sp-d16 -mfloat-abi=hard -mthumb -o "Core/MQTT/MQTTSubscribeServer.o"
arm-none-eabi-gcc "../Core/MQTT/MQTTUnsubscribeClient.c" -mcpu=cortex-m4 -std=gnu11 -g3 -DUSE_HAL_DRIVER -DSTM32L452xx -DDEBUG -c -I../Core/Inc -I../Drivers/STM32L4xx_HAL_Driver/Inc -I../Drivers/STM32L4xx_HAL_Driver/Inc/Legacy -I../Drivers/CMSIS/Device/ST/STM32L4xx/Include -I../Drivers/CMSIS/Include -I"D:/SaoViet/git_clone/Sensor_sourcetree/Sensor/Core/NH3_lib" -I"D:/SaoViet/git_clone/Sensor_sourcetree/Sensor/Core/L506" -I"D:/SaoViet/git_clone/Sensor_sourcetree/Sensor/Core/Com_RS485" -I"D:/SaoViet/git_clone/Sensor_sourcetree/Sensor/Core/CO2_lib" -I"D:/SaoViet/git_clone/Sensor_sourcetree/Sensor/Core/EC_TDS_lib" -I"D:/SaoViet/git_clone/Sensor_sourcetree/Sensor/Core/H2S_lib" -I"D:/SaoViet/git_clone/Sensor_sourcetree/Sensor/Core/PAR_lib" -I"D:/SaoViet/git_clone/Sensor_sourcetree/Sensor/Core/PH_lib" -I"D:/SaoViet/git_clone/Sensor_sourcetree/Sensor/Core/SOIL_MTEC_lib" -O0 -ffunction-sections -fdata-sections -Wall -fstack-usage -MMD -MP -MF"Core/MQTT/MQTTUnsubscribeClient.d" -MT"Core/MQTT/MQTTUnsubscribeClient.o" --specs=nano.specs -mfpu=fpv4-sp-d16 -mfloat-abi=hard -mthumb -o "Core/MQTT/MQTTUnsubscribeClient.o"
arm-none-eabi-gcc "../Core/MQTT/MQTTUnsubscribeServer.c" -mcpu=cortex-m4 -std=gnu11 -g3 -DUSE_HAL_DRIVER -DSTM32L452xx -DDEBUG -c -I../Core/Inc -I../Drivers/STM32L4xx_HAL_Driver/Inc -I../Drivers/STM32L4xx_HAL_Driver/Inc/Legacy -I../Drivers/CMSIS/Device/ST/STM32L4xx/Include -I../Drivers/CMSIS/Include -I"D:/SaoViet/git_clone/Sensor_sourcetree/Sensor/Core/NH3_lib" -I"D:/SaoViet/git_clone/Sensor_sourcetree/Sensor/Core/L506" -I"D:/SaoViet/git_clone/Sensor_sourcetree/Sensor/Core/Com_RS485" -I"D:/SaoViet/git_clone/Sensor_sourcetree/Sensor/Core/CO2_lib" -I"D:/SaoViet/git_clone/Sensor_sourcetree/Sensor/Core/EC_TDS_lib" -I"D:/SaoViet/git_clone/Sensor_sourcetree/Sensor/Core/H2S_lib" -I"D:/SaoViet/git_clone/Sensor_sourcetree/Sensor/Core/PAR_lib" -I"D:/SaoViet/git_clone/Sensor_sourcetree/Sensor/Core/PH_lib" -I"D:/SaoViet/git_clone/Sensor_sourcetree/Sensor/Core/SOIL_MTEC_lib" -O0 -ffunction-sections -fdata-sections -Wall -fstack-usage -MMD -MP -MF"Core/MQTT/MQTTUnsubscribeServer.d" -MT"Core/MQTT/MQTTUnsubscribeServer.o" --specs=nano.specs -mfpu=fpv4-sp-d16 -mfloat-abi=hard -mthumb -o "Core/MQTT/MQTTUnsubscribeServer.o"
arm-none-eabi-gcc "../Core/MQTT/mqtt.c" -mcpu=cortex-m4 -std=gnu11 -g3 -DUSE_HAL_DRIVER -DSTM32L452xx -DDEBUG -c -I../Core/Inc -I../Drivers/STM32L4xx_HAL_Driver/Inc -I../Drivers/STM32L4xx_HAL_Driver/Inc/Legacy -I../Drivers/CMSIS/Device/ST/STM32L4xx/Include -I../Drivers/CMSIS/Include -I"D:/SaoViet/git_clone/Sensor_sourcetree/Sensor/Core/NH3_lib" -I"D:/SaoViet/git_clone/Sensor_sourcetree/Sensor/Core/L506" -I"D:/SaoViet/git_clone/Sensor_sourcetree/Sensor/Core/Com_RS485" -I"D:/SaoViet/git_clone/Sensor_sourcetree/Sensor/Core/CO2_lib" -I"D:/SaoViet/git_clone/Sensor_sourcetree/Sensor/Core/EC_TDS_lib" -I"D:/SaoViet/git_clone/Sensor_sourcetree/Sensor/Core/H2S_lib" -I"D:/SaoViet/git_clone/Sensor_sourcetree/Sensor/Core/PAR_lib" -I"D:/SaoViet/git_clone/Sensor_sourcetree/Sensor/Core/PH_lib" -I"D:/SaoViet/git_clone/Sensor_sourcetree/Sensor/Core/SOIL_MTEC_lib" -O0 -ffunction-sections -fdata-sections -Wall -fstack-usage -MMD -MP -MF"Core/MQTT/mqtt.d" -MT"Core/MQTT/mqtt.o" --specs=nano.specs -mfpu=fpv4-sp-d16 -mfloat-abi=hard -mthumb -o "Core/MQTT/mqtt.o"
arm-none-eabi-gcc "../Core/L506/L506.c" -mcpu=cortex-m4 -std=gnu11 -g3 -DUSE_HAL_DRIVER -DSTM32L452xx -DDEBUG -c -I../Core/Inc -I../Drivers/STM32L4xx_HAL_Driver/Inc -I../Drivers/STM32L4xx_HAL_Driver/Inc/Legacy -I../Drivers/CMSIS/Device/ST/STM32L4xx/Include -I../Drivers/CMSIS/Include -I"D:/SaoViet/git_clone/Sensor_sourcetree/Sensor/Core/NH3_lib" -I"D:/SaoViet/git_clone/Sensor_sourcetree/Sensor/Core/L506" -I"D:/SaoViet/git_clone/Sensor_sourcetree/Sensor/Core/Com_RS485" -I"D:/SaoViet/git_clone/Sensor_sourcetree/Sensor/Core/CO2_lib" -I"D:/SaoViet/git_clone/Sensor_sourcetree/Sensor/Core/EC_TDS_lib" -I"D:/SaoViet/git_clone/Sensor_sourcetree/Sensor/Core/H2S_lib" -I"D:/SaoViet/git_clone/Sensor_sourcetree/Sensor/Core/PAR_lib" -I"D:/SaoViet/git_clone/Sensor_sourcetree/Sensor/Core/PH_lib" -I"D:/SaoViet/git_clone/Sensor_sourcetree/Sensor/Core/SOIL_MTEC_lib" -O0 -ffunction-sections -fdata-sections -Wall -fstack-usage -MMD -MP -MF"Core/L506/L506.d" -MT"Core/L506/L506.o" --specs=nano.specs -mfpu=fpv4-sp-d16 -mfloat-abi=hard -mthumb -o "Core/L506/L506.o"
arm-none-eabi-gcc "../Core/H2S_lib/H2S.c" -mcpu=cortex-m4 -std=gnu11 -g3 -DUSE_HAL_DRIVER -DSTM32L452xx -DDEBUG -c -I../Core/Inc -I../Drivers/STM32L4xx_HAL_Driver/Inc -I../Drivers/STM32L4xx_HAL_Driver/Inc/Legacy -I../Drivers/CMSIS/Device/ST/STM32L4xx/Include -I../Drivers/CMSIS/Include -I"D:/SaoViet/git_clone/Sensor_sourcetree/Sensor/Core/NH3_lib" -I"D:/SaoViet/git_clone/Sensor_sourcetree/Sensor/Core/L506" -I"D:/SaoViet/git_clone/Sensor_sourcetree/Sensor/Core/Com_RS485" -I"D:/SaoViet/git_clone/Sensor_sourcetree/Sensor/Core/CO2_lib" -I"D:/SaoViet/git_clone/Sensor_sourcetree/Sensor/Core/EC_TDS_lib" -I"D:/SaoViet/git_clone/Sensor_sourcetree/Sensor/Core/H2S_lib" -I"D:/SaoViet/git_clone/Sensor_sourcetree/Sensor/Core/PAR_lib" -I"D:/SaoViet/git_clone/Sensor_sourcetree/Sensor/Core/PH_lib" -I"D:/SaoViet/git_clone/Sensor_sourcetree/Sensor/Core/SOIL_MTEC_lib" -O0 -ffunction-sections -fdata-sections -Wall -fstack-usage -MMD -MP -MF"Core/H2S_lib/H2S.d" -MT"Core/H2S_lib/H2S.o" --specs=nano.specs -mfpu=fpv4-sp-d16 -mfloat-abi=hard -mthumb -o "Core/H2S_lib/H2S.o"
arm-none-eabi-gcc "../Core/EC_TDS_lib/EC_TDS.c" -mcpu=cortex-m4 -std=gnu11 -g3 -DUSE_HAL_DRIVER -DSTM32L452xx -DDEBUG -c -I../Core/Inc -I../Drivers/STM32L4xx_HAL_Driver/Inc -I../Drivers/STM32L4xx_HAL_Driver/Inc/Legacy -I../Drivers/CMSIS/Device/ST/STM32L4xx/Include -I../Drivers/CMSIS/Include -I"D:/SaoViet/git_clone/Sensor_sourcetree/Sensor/Core/NH3_lib" -I"D:/SaoViet/git_clone/Sensor_sourcetree/Sensor/Core/L506" -I"D:/SaoViet/git_clone/Sensor_sourcetree/Sensor/Core/Com_RS485" -I"D:/SaoViet/git_clone/Sensor_sourcetree/Sensor/Core/CO2_lib" -I"D:/SaoViet/git_clone/Sensor_sourcetree/Sensor/Core/EC_TDS_lib" -I"D:/SaoViet/git_clone/Sensor_sourcetree/Sensor/Core/H2S_lib" -I"D:/SaoViet/git_clone/Sensor_sourcetree/Sensor/Core/PAR_lib" -I"D:/SaoViet/git_clone/Sensor_sourcetree/Sensor/Core/PH_lib" -I"D:/SaoViet/git_clone/Sensor_sourcetree/Sensor/Core/SOIL_MTEC_lib" -O0 -ffunction-sections -fdata-sections -Wall -fstack-usage -MMD -MP -MF"Core/EC_TDS_lib/EC_TDS.d" -MT"Core/EC_TDS_lib/EC_TDS.o" --specs=nano.specs -mfpu=fpv4-sp-d16 -mfloat-abi=hard -mthumb -o "Core/EC_TDS_lib/EC_TDS.o"
arm-none-eabi-gcc "../Core/Com_RS485/Com_RS485.c" -mcpu=cortex-m4 -std=gnu11 -g3 -DUSE_HAL_DRIVER -DSTM32L452xx -DDEBUG -c -I../Core/Inc -I../Drivers/STM32L4xx_HAL_Driver/Inc -I../Drivers/STM32L4xx_HAL_Driver/Inc/Legacy -I../Drivers/CMSIS/Device/ST/STM32L4xx/Include -I../Drivers/CMSIS/Include -I"D:/SaoViet/git_clone/Sensor_sourcetree/Sensor/Core/NH3_lib" -I"D:/SaoViet/git_clone/Sensor_sourcetree/Sensor/Core/L506" -I"D:/SaoViet/git_clone/Sensor_sourcetree/Sensor/Core/Com_RS485" -I"D:/SaoViet/git_clone/Sensor_sourcetree/Sensor/Core/CO2_lib" -I"D:/SaoViet/git_clone/Sensor_sourcetree/Sensor/Core/EC_TDS_lib" -I"D:/SaoViet/git_clone/Sensor_sourcetree/Sensor/Core/H2S_lib" -I"D:/SaoViet/git_clone/Sensor_sourcetree/Sensor/Core/PAR_lib" -I"D:/SaoViet/git_clone/Sensor_sourcetree/Sensor/Core/PH_lib" -I"D:/SaoViet/git_clone/Sensor_sourcetree/Sensor/Core/SOIL_MTEC_lib" -O0 -ffunction-sections -fdata-sections -Wall -fstack-usage -MMD -MP -MF"Core/Com_RS485/Com_RS485.d" -MT"Core/Com_RS485/Com_RS485.o" --specs=nano.specs -mfpu=fpv4-sp-d16 -mfloat-abi=hard -mthumb -o "Core/Com_RS485/Com_RS485.o"
arm-none-eabi-gcc "../Core/Com_RS485/ParseModbus.c" -mcpu=cortex-m4 -std=gnu11 -g3 -DUSE_HAL_DRIVER -DSTM32L452xx -DDEBUG -c -I../Core/Inc -I../Drivers/STM32L4xx_HAL_Driver/Inc -I../Drivers/STM32L4xx_HAL_Driver/Inc/Legacy -I../Drivers/CMSIS/Device/ST/STM32L4xx/Include -I../Drivers/CMSIS/Include -I"D:/SaoViet/git_clone/Sensor_sourcetree/Sensor/Core/NH3_lib" -I"D:/SaoViet/git_clone/Sensor_sourcetree/Sensor/Core/L506" -I"D:/SaoViet/git_clone/Sensor_sourcetree/Sensor/Core/Com_RS485" -I"D:/SaoViet/git_clone/Sensor_sourcetree/Sensor/Core/CO2_lib" -I"D:/SaoViet/git_clone/Sensor_sourcetree/Sensor/Core/EC_TDS_lib" -I"D:/SaoViet/git_clone/Sensor_sourcetree/Sensor/Core/H2S_lib" -I"D:/SaoViet/git_clone/Sensor_sourcetree/Sensor/Core/PAR_lib" -I"D:/SaoViet/git_clone/Sensor_sourcetree/Sensor/Core/PH_lib" -I"D:/SaoViet/git_clone/Sensor_sourcetree/Sensor/Core/SOIL_MTEC_lib" -O0 -ffunction-sections -fdata-sections -Wall -fstack-usage -MMD -MP -MF"Core/Com_RS485/ParseModbus.d" -MT"Core/Com_RS485/ParseModbus.o" --specs=nano.specs -mfpu=fpv4-sp-d16 -mfloat-abi=hard -mthumb -o "Core/Com_RS485/ParseModbus.o"
arm-none-eabi-gcc "../Core/CO2_lib/CO2.c" -mcpu=cortex-m4 -std=gnu11 -g3 -DUSE_HAL_DRIVER -DSTM32L452xx -DDEBUG -c -I../Core/Inc -I../Drivers/STM32L4xx_HAL_Driver/Inc -I../Drivers/STM32L4xx_HAL_Driver/Inc/Legacy -I../Drivers/CMSIS/Device/ST/STM32L4xx/Include -I../Drivers/CMSIS/Include -I"D:/SaoViet/git_clone/Sensor_sourcetree/Sensor/Core/NH3_lib" -I"D:/SaoViet/git_clone/Sensor_sourcetree/Sensor/Core/L506" -I"D:/SaoViet/git_clone/Sensor_sourcetree/Sensor/Core/Com_RS485" -I"D:/SaoViet/git_clone/Sensor_sourcetree/Sensor/Core/CO2_lib" -I"D:/SaoViet/git_clone/Sensor_sourcetree/Sensor/Core/EC_TDS_lib" -I"D:/SaoViet/git_clone/Sensor_sourcetree/Sensor/Core/H2S_lib" -I"D:/SaoViet/git_clone/Sensor_sourcetree/Sensor/Core/PAR_lib" -I"D:/SaoViet/git_clone/Sensor_sourcetree/Sensor/Core/PH_lib" -I"D:/SaoViet/git_clone/Sensor_sourcetree/Sensor/Core/SOIL_MTEC_lib" -O0 -ffunction-sections -fdata-sections -Wall -fstack-usage -MMD -MP -MF"Core/CO2_lib/CO2.d" -MT"Core/CO2_lib/CO2.o" --specs=nano.specs -mfpu=fpv4-sp-d16 -mfloat-abi=hard -mthumb -o "Core/CO2_lib/CO2.o"
../Core/MQTT/mqtt.c: In function 'mqtt_connect':
../Core/MQTT/mqtt.c:15:10: warning: variable 'ret' set but not used [-Wunused-but-set-variable]
  uint8_t ret = 0;
          ^~~
../Core/MQTT/mqtt.c: In function 'mqtt_publish':
../Core/MQTT/mqtt.c:34:102: warning: implicit declaration of function 'strlen' [-Wimplicit-function-declaration]
     int mqtt_len = MQTTSerialize_publish(buf, sizeof(buf), 0, 0, 0, 0, topicString, (uint8_t*) data, strlen(data));
                                                                                                      ^~~~~~
../Core/MQTT/mqtt.c:34:102: warning: incompatible implicit declaration of built-in function 'strlen'
../Core/MQTT/mqtt.c:34:102: note: include '<string.h>' or provide a declaration of 'strlen'
../Core/MQTT/mqtt.c:31:13: warning: variable 'ret' set but not used [-Wunused-but-set-variable]
     uint8_t ret = 0;
             ^~~
../Core/Com_RS485/ParseModbus.c: In function 'parserModbusRx':
../Core/Com_RS485/ParseModbus.c:40:8: warning: implicit declaration of function 'ModRTU_CRC' [-Wimplicit-function-declaration]
  crc = ModRTU_CRC(rxBuf, lenrx-2);
        ^~~~~~~~~~
../Core/L506/L506.c: In function 'fnCheckPacket':
../Core/L506/L506.c:233:21: warning: pointer targets in passing argument 1 of 'fnParse' differ in signedness [-Wpointer-sign]
    answer = fnParse(buffer);
                     ^~~~~~
../Core/L506/L506.c:233:21: note: expected 'char *' but argument is of type 'uint8_t * {aka unsigned char *}'
../Core/L506/L506.c: In function 'fncSend_DataServer':
../Core/L506/L506.c:356:1: warning: control reaches end of non-void function [-Wreturn-type]
 }
 ^
At top level:
../Core/L506/L506.c:61:16: warning: 'cmdReceiveData' defined but not used [-Wunused-variable]
 static uint8_t cmdReceiveData[] = "gui lenh nhan data tu server\r\n";
                ^~~~~~~~~~~~~~
../Core/L506/L506.c:60:16: warning: 'serverText2' defined but not used [-Wunused-variable]
 static uint8_t serverText2[] = "gui khong thanh cong ban tin len server\r\n";
                ^~~~~~~~~~~
../Core/L506/L506.c:59:16: warning: 'serverText1' defined but not used [-Wunused-variable]
 static uint8_t serverText1[] = "gui thanh cong ban tin len server\r\n";
                ^~~~~~~~~~~
arm-none-eabi-gcc -o "Sensor.elf" @"objects.list"   -mcpu=cortex-m4 -T"D:\SaoViet\git_clone\Sensor_sourcetree\Sensor\STM32L452RCTX_FLASH.ld" --specs=nosys.specs -Wl,-Map="Sensor.map" -Wl,--gc-sections -static --specs=nano.specs -mfpu=fpv4-sp-d16 -mfloat-abi=hard -mthumb -u _printf_float -Wl,--start-group -lc -lm -Wl,--end-group
Finished building target: Sensor.elf
 
arm-none-eabi-objdump -h -S  Sensor.elf  > "Sensor.list"
arm-none-eabi-objcopy  -O binary  Sensor.elf  "Sensor.bin"
arm-none-eabi-size   Sensor.elf 
   text	   data	    bss	    dec	    hex	filename
  45224	    488	   4088	  49800	   c288	Sensor.elf
Finished building: default.size.stdout
 
Finished building: Sensor.bin
 
Finished building: Sensor.list
 
10:18:16 **** Incremental Build of configuration Debug for project Sensor ****
make -j8 all 
arm-none-eabi-size   Sensor.elf 
   text	   data	    bss	    dec	    hex	filename
  45224	    488	   4088	  49800	   c288	Sensor.elf
Finished building: default.size.stdout
 
